Archive member included to satisfy reference by file (symbol)

c:/st/stm32cubeide_1.11.2/stm32cubeide/plugins/com.st.stm32cube.ide.mcu.externaltools.gnu-tools-for-stm32.10.3-2021.10.win32_1.0.200.202301161003/tools/bin/../lib/gcc/arm-none-eabi/10.3.1/../../../../arm-none-eabi/lib/thumb/v7e-m/nofp\libc_nano.a(lib_a-errno.o)
                              ./Src/sysmem.o (__errno)
c:/st/stm32cubeide_1.11.2/stm32cubeide/plugins/com.st.stm32cube.ide.mcu.externaltools.gnu-tools-for-stm32.10.3-2021.10.win32_1.0.200.202301161003/tools/bin/../lib/gcc/arm-none-eabi/10.3.1/../../../../arm-none-eabi/lib/thumb/v7e-m/nofp\libc_nano.a(lib_a-exit.o)
                              c:/st/stm32cubeide_1.11.2/stm32cubeide/plugins/com.st.stm32cube.ide.mcu.externaltools.gnu-tools-for-stm32.10.3-2021.10.win32_1.0.200.202301161003/tools/bin/../lib/gcc/arm-none-eabi/10.3.1/../../../../arm-none-eabi/lib/thumb/v7e-m/nofp/rdimon-crt0.o (exit)
c:/st/stm32cubeide_1.11.2/stm32cubeide/plugins/com.st.stm32cube.ide.mcu.externaltools.gnu-tools-for-stm32.10.3-2021.10.win32_1.0.200.202301161003/tools/bin/../lib/gcc/arm-none-eabi/10.3.1/../../../../arm-none-eabi/lib/thumb/v7e-m/nofp\libc_nano.a(lib_a-impure.o)
                              c:/st/stm32cubeide_1.11.2/stm32cubeide/plugins/com.st.stm32cube.ide.mcu.externaltools.gnu-tools-for-stm32.10.3-2021.10.win32_1.0.200.202301161003/tools/bin/../lib/gcc/arm-none-eabi/10.3.1/../../../../arm-none-eabi/lib/thumb/v7e-m/nofp\libc_nano.a(lib_a-exit.o) (_global_impure_ptr)
c:/st/stm32cubeide_1.11.2/stm32cubeide/plugins/com.st.stm32cube.ide.mcu.externaltools.gnu-tools-for-stm32.10.3-2021.10.win32_1.0.200.202301161003/tools/bin/../lib/gcc/arm-none-eabi/10.3.1/../../../../arm-none-eabi/lib/thumb/v7e-m/nofp\libc_nano.a(lib_a-init.o)
                              c:/st/stm32cubeide_1.11.2/stm32cubeide/plugins/com.st.stm32cube.ide.mcu.externaltools.gnu-tools-for-stm32.10.3-2021.10.win32_1.0.200.202301161003/tools/bin/../lib/gcc/arm-none-eabi/10.3.1/../../../../arm-none-eabi/lib/thumb/v7e-m/nofp/rdimon-crt0.o (__libc_init_array)
c:/st/stm32cubeide_1.11.2/stm32cubeide/plugins/com.st.stm32cube.ide.mcu.externaltools.gnu-tools-for-stm32.10.3-2021.10.win32_1.0.200.202301161003/tools/bin/../lib/gcc/arm-none-eabi/10.3.1/../../../../arm-none-eabi/lib/thumb/v7e-m/nofp\libc_nano.a(lib_a-memset.o)
                              c:/st/stm32cubeide_1.11.2/stm32cubeide/plugins/com.st.stm32cube.ide.mcu.externaltools.gnu-tools-for-stm32.10.3-2021.10.win32_1.0.200.202301161003/tools/bin/../lib/gcc/arm-none-eabi/10.3.1/../../../../arm-none-eabi/lib/thumb/v7e-m/nofp/rdimon-crt0.o (memset)
c:/st/stm32cubeide_1.11.2/stm32cubeide/plugins/com.st.stm32cube.ide.mcu.externaltools.gnu-tools-for-stm32.10.3-2021.10.win32_1.0.200.202301161003/tools/bin/../lib/gcc/arm-none-eabi/10.3.1/../../../../arm-none-eabi/lib/thumb/v7e-m/nofp\librdimon_nano.a(rdimon-syscalls.o)
                              c:/st/stm32cubeide_1.11.2/stm32cubeide/plugins/com.st.stm32cube.ide.mcu.externaltools.gnu-tools-for-stm32.10.3-2021.10.win32_1.0.200.202301161003/tools/bin/../lib/gcc/arm-none-eabi/10.3.1/../../../../arm-none-eabi/lib/thumb/v7e-m/nofp/rdimon-crt0.o (initialise_monitor_handles)
c:/st/stm32cubeide_1.11.2/stm32cubeide/plugins/com.st.stm32cube.ide.mcu.externaltools.gnu-tools-for-stm32.10.3-2021.10.win32_1.0.200.202301161003/tools/bin/../lib/gcc/arm-none-eabi/10.3.1/../../../../arm-none-eabi/lib/thumb/v7e-m/nofp\librdimon_nano.a(rdimon-_exit.o)
                              c:/st/stm32cubeide_1.11.2/stm32cubeide/plugins/com.st.stm32cube.ide.mcu.externaltools.gnu-tools-for-stm32.10.3-2021.10.win32_1.0.200.202301161003/tools/bin/../lib/gcc/arm-none-eabi/10.3.1/../../../../arm-none-eabi/lib/thumb/v7e-m/nofp\libc_nano.a(lib_a-exit.o) (_exit)
c:/st/stm32cubeide_1.11.2/stm32cubeide/plugins/com.st.stm32cube.ide.mcu.externaltools.gnu-tools-for-stm32.10.3-2021.10.win32_1.0.200.202301161003/tools/bin/../lib/gcc/arm-none-eabi/10.3.1/../../../../arm-none-eabi/lib/thumb/v7e-m/nofp\librdimon_nano.a(rdimon-_kill.o)
                              c:/st/stm32cubeide_1.11.2/stm32cubeide/plugins/com.st.stm32cube.ide.mcu.externaltools.gnu-tools-for-stm32.10.3-2021.10.win32_1.0.200.202301161003/tools/bin/../lib/gcc/arm-none-eabi/10.3.1/../../../../arm-none-eabi/lib/thumb/v7e-m/nofp\librdimon_nano.a(rdimon-_exit.o) (_kill_shared)
c:/st/stm32cubeide_1.11.2/stm32cubeide/plugins/com.st.stm32cube.ide.mcu.externaltools.gnu-tools-for-stm32.10.3-2021.10.win32_1.0.200.202301161003/tools/bin/../lib/gcc/arm-none-eabi/10.3.1/../../../../arm-none-eabi/lib/thumb/v7e-m/nofp\libc_nano.a(lib_a-findfp.o)
                              c:/st/stm32cubeide_1.11.2/stm32cubeide/plugins/com.st.stm32cube.ide.mcu.externaltools.gnu-tools-for-stm32.10.3-2021.10.win32_1.0.200.202301161003/tools/bin/../lib/gcc/arm-none-eabi/10.3.1/../../../../arm-none-eabi/lib/thumb/v7e-m/nofp\librdimon_nano.a(rdimon-syscalls.o) (__sinit)
[...]
Memory Configuration

Name             Origin             Length             Attributes
RAM              0x0000000020000000 0x0000000000020000 xrw
FLASH            0x0000000008000000 0x0000000000080000 xr
*default*        0x0000000000000000 0xffffffffffffffff

Linker script and memory map

LOAD c:/st/stm32cubeide_1.11.2/stm32cubeide/plugins/com.st.stm32cube.ide.mcu.externaltools.gnu-tools-for-stm32.10.3-2021.10.win32_1.0.200.202301161003/tools/bin/../lib/gcc/arm-none-eabi/10.3.1/thumb/v7e-m/nofp/crti.o
LOAD c:/st/stm32cubeide_1.11.2/stm32cubeide/plugins/com.st.stm32cube.ide.mcu.externaltools.gnu-tools-for-stm32.10.3-2021.10.win32_1.0.200.202301161003/tools/bin/../lib/gcc/arm-none-eabi/10.3.1/thumb/v7e-m/nofp/crtbegin.o
LOAD c:/st/stm32cubeide_1.11.2/stm32cubeide/plugins/com.st.stm32cube.ide.mcu.externaltools.gnu-tools-for-stm32.10.3-2021.10.win32_1.0.200.202301161003/tools/bin/../lib/gcc/arm-none-eabi/10.3.1/../../../../arm-none-eabi/lib/thumb/v7e-m/nofp/rdimon-crt0.o
LOAD ./Src/esp32s2_i2c_lcd.o
LOAD ./Src/sysmem.o
LOAD ./Startup/startup_stm32f411vetx.o
LOAD ./drivers/Src/stm32f411_gpio_driver.o
LOAD ./drivers/Src/stm32f411_i2c_driver.o
LOAD ./drivers/Src/stm32f411_rcc_driver.o
LOAD ./drivers/Src/stm32f411_spi_driver.o
LOAD ./drivers/Src/stm32f411_usart_driver.o
LOAD ./externalDevicesDriver/Src/i2c_lcd_esp32s2.o
LOAD ./externalDevicesDriver/Src/rtc_ds1307.o
LOAD c:/st/stm32cubeide_1.11.2/stm32cubeide/plugins/com.st.stm32cube.ide.mcu.externaltools.gnu-tools-for-stm32.10.3-2021.10.win32_1.0.200.202301161003/tools/bin/../lib/gcc/arm-none-eabi/10.3.1/../../../../arm-none-eabi/lib/thumb/v7e-m/nofp\libc_nano.a
LOAD c:/st/stm32cubeide_1.11.2/stm32cubeide/plugins/com.st.stm32cube.ide.mcu.externaltools.gnu-tools-for-stm32.10.3-2021.10.win32_1.0.200.202301161003/tools/bin/../lib/gcc/arm-none-eabi/10.3.1/../../../../arm-none-eabi/lib/thumb/v7e-m/nofp\librdimon_nano.a
START GROUP
LOAD c:/st/stm32cubeide_1.11.2/stm32cubeide/plugins/com.st.stm32cube.ide.mcu.externaltools.gnu-tools-for-stm32.10.3-2021.10.win32_1.0.200.202301161003/tools/bin/../lib/gcc/arm-none-eabi/10.3.1/../../../../arm-none-eabi/lib/thumb/v7e-m/nofp\libc_nano.a
LOAD c:/st/stm32cubeide_1.11.2/stm32cubeide/plugins/com.st.stm32cube.ide.mcu.externaltools.gnu-tools-for-stm32.10.3-2021.10.win32_1.0.200.202301161003/tools/bin/../lib/gcc/arm-none-eabi/10.3.1/../../../../arm-none-eabi/lib/thumb/v7e-m/nofp\libm.a
END GROUP
START GROUP
LOAD c:/st/stm32cubeide_1.11.2/stm32cubeide/plugins/com.st.stm32cube.ide.mcu.externaltools.gnu-tools-for-stm32.10.3-2021.10.win32_1.0.200.202301161003/tools/bin/../lib/gcc/arm-none-eabi/10.3.1/thumb/v7e-m/nofp\libgcc.a
LOAD c:/st/stm32cubeide_1.11.2/stm32cubeide/plugins/com.st.stm32cube.ide.mcu.externaltools.gnu-tools-for-stm32.10.3-2021.10.win32_1.0.200.202301161003/tools/bin/../lib/gcc/arm-none-eabi/10.3.1/../../../../arm-none-eabi/lib/thumb/v7e-m/nofp\libc_nano.a
END GROUP
START GROUP
LOAD c:/st/stm32cubeide_1.11.2/stm32cubeide/plugins/com.st.stm32cube.ide.mcu.externaltools.gnu-tools-for-stm32.10.3-2021.10.win32_1.0.200.202301161003/tools/bin/../lib/gcc/arm-none-eabi/10.3.1/thumb/v7e-m/nofp\libgcc.a
LOAD c:/st/stm32cubeide_1.11.2/stm32cubeide/plugins/com.st.stm32cube.ide.mcu.externaltools.gnu-tools-for-stm32.10.3-2021.10.win32_1.0.200.202301161003/tools/bin/../lib/gcc/arm-none-eabi/10.3.1/../../../../arm-none-eabi/lib/thumb/v7e-m/nofp\libc_nano.a
LOAD c:/st/stm32cubeide_1.11.2/stm32cubeide/plugins/com.st.stm32cube.ide.mcu.externaltools.gnu-tools-for-stm32.10.3-2021.10.win32_1.0.200.202301161003/tools/bin/../lib/gcc/arm-none-eabi/10.3.1/../../../../arm-none-eabi/lib/thumb/v7e-m/nofp\libnosys.a
END GROUP
START GROUP
LOAD c:/st/stm32cubeide_1.11.2/stm32cubeide/plugins/com.st.stm32cube.ide.mcu.externaltools.gnu-tools-for-stm32.10.3-2021.10.win32_1.0.200.202301161003/tools/bin/../lib/gcc/arm-none-eabi/10.3.1/thumb/v7e-m/nofp\libgcc.a
LOAD c:/st/stm32cubeide_1.11.2/stm32cubeide/plugins/com.st.stm32cube.ide.mcu.externaltools.gnu-tools-for-stm32.10.3-2021.10.win32_1.0.200.202301161003/tools/bin/../lib/gcc/arm-none-eabi/10.3.1/../../../../arm-none-eabi/lib/thumb/v7e-m/nofp\libc_nano.a
LOAD c:/st/stm32cubeide_1.11.2/stm32cubeide/plugins/com.st.stm32cube.ide.mcu.externaltools.gnu-tools-for-stm32.10.3-2021.10.win32_1.0.200.202301161003/tools/bin/../lib/gcc/arm-none-eabi/10.3.1/../../../../arm-none-eabi/lib/thumb/v7e-m/nofp\librdimon_nano.a
END GROUP
START GROUP
LOAD c:/st/stm32cubeide_1.11.2/stm32cubeide/plugins/com.st.stm32cube.ide.mcu.externaltools.gnu-tools-for-stm32.10.3-2021.10.win32_1.0.200.202301161003/tools/bin/../lib/gcc/arm-none-eabi/10.3.1/thumb/v7e-m/nofp\libgcc.a
LOAD c:/st/stm32cubeide_1.11.2/stm32cubeide/plugins/com.st.stm32cube.ide.mcu.externaltools.gnu-tools-for-stm32.10.3-2021.10.win32_1.0.200.202301161003/tools/bin/../lib/gcc/arm-none-eabi/10.3.1/../../../../arm-none-eabi/lib/thumb/v7e-m/nofp\libc_nano.a
LOAD c:/st/stm32cubeide_1.11.2/stm32cubeide/plugins/com.st.stm32cube.ide.mcu.externaltools.gnu-tools-for-stm32.10.3-2021.10.win32_1.0.200.202301161003/tools/bin/../lib/gcc/arm-none-eabi/10.3.1/../../../../arm-none-eabi/lib/thumb/v7e-m/nofp\librdimon_nano.a
LOAD c:/st/stm32cubeide_1.11.2/stm32cubeide/plugins/com.st.stm32cube.ide.mcu.externaltools.gnu-tools-for-stm32.10.3-2021.10.win32_1.0.200.202301161003/tools/bin/../lib/gcc/arm-none-eabi/10.3.1/../../../../arm-none-eabi/lib/thumb/v7e-m/nofp\libnosys.a
END GROUP
LOAD c:/st/stm32cubeide_1.11.2/stm32cubeide/plugins/com.st.stm32cube.ide.mcu.externaltools.gnu-tools-for-stm32.10.3-2021.10.win32_1.0.200.202301161003/tools/bin/../lib/gcc/arm-none-eabi/10.3.1/thumb/v7e-m/nofp/crtend.o
LOAD c:/st/stm32cubeide_1.11.2/stm32cubeide/plugins/com.st.stm32cube.ide.mcu.externaltools.gnu-tools-for-stm32.10.3-2021.10.win32_1.0.200.202301161003/tools/bin/../lib/gcc/arm-none-eabi/10.3.1/thumb/v7e-m/nofp/crtn.o
                0x0000000020020000                _estack = (ORIGIN (RAM) + LENGTH (RAM))
                0x0000000000000200                _Min_Heap_Size = 0x200
                0x0000000000000400                _Min_Stack_Size = 0x400

.isr_vector     0x0000000008000000      0x198
                0x0000000008000000                . = ALIGN (0x4)
 *(.isr_vector)
 .isr_vector    0x0000000008000000      0x198 ./Startup/startup_stm32f411vetx.o
                0x0000000008000000                g_pfnVectors
                0x0000000008000198                . = ALIGN (0x4)

.text           0x0000000008000198      0xe74
                0x0000000008000198                . = ALIGN (0x4)
 *(.text)
 .text          0x0000000008000198       0x40 c:/st/stm32cubeide_1.11.2/stm32cubeide/plugins/com.st.stm32cube.ide.mcu.externaltools.gnu-tools-for-stm32.10.3-2021.10.win32_1.0.200.202301161003/tools/bin/../lib/gcc/arm-none-eabi/10.3.1/thumb/v7e-m/nofp/crtbegin.o
 *(.text*)
 .text.main     0x00000000080001d8       0x3c ./Src/esp32s2_i2c_lcd.o
                0x00000000080001d8                main
 .text.Reset_Handler
                0x0000000008000214       0x50 ./Startup/startup_stm32f411vetx.o
                0x0000000008000214                Reset_Handler
 .text.Default_Handler
                0x0000000008000264        0x2 ./Startup/startup_stm32f411vetx.o
                0x0000000008000264                RTC_Alarm_IRQHandler
                0x0000000008000264                EXTI2_IRQHandler
                0x0000000008000264                DebugMon_Handler
                0x0000000008000264                SPI4_IRQHandler
                0x0000000008000264                TIM1_CC_IRQHandler
                0x0000000008000264                DMA2_Stream5_IRQHandler
                0x0000000008000264                HardFault_Handler
                0x0000000008000264                DMA1_Stream5_IRQHandler
                0x0000000008000264                SysTick_Handler
                0x0000000008000264                PVD_IRQHandler
                0x0000000008000264                SDIO_IRQHandler
                0x0000000008000264                TAMP_STAMP_IRQHandler
                0x0000000008000264                PendSV_Handler
                0x0000000008000264                NMI_Handler
                0x0000000008000264                EXTI3_IRQHandler
                0x0000000008000264                TIM1_UP_TIM10_IRQHandler
                0x0000000008000264                I2C3_ER_IRQHandler
                0x0000000008000264                EXTI0_IRQHandler
                0x0000000008000264                I2C2_EV_IRQHandler
                0x0000000008000264                DMA1_Stream2_IRQHandler
                0x0000000008000264                UsageFault_Handler
                0x0000000008000264                DMA2_Stream2_IRQHandler
                0x0000000008000264                SPI1_IRQHandler
                0x0000000008000264                TIM1_BRK_TIM9_IRQHandler
                0x0000000008000264                DMA2_Stream3_IRQHandler
                0x0000000008000264                USART6_IRQHandler
                0x0000000008000264                DMA2_Stream0_IRQHandler
                0x0000000008000264                TIM4_IRQHandler
                0x0000000008000264                I2C1_EV_IRQHandler
                0x0000000008000264                DMA1_Stream6_IRQHandler
                0x0000000008000264                DMA1_Stream1_IRQHandler
                0x0000000008000264                TIM3_IRQHandler
                0x0000000008000264                RCC_IRQHandler
                0x0000000008000264                Default_Handler
                0x0000000008000264                EXTI15_10_IRQHandler
                0x0000000008000264                ADC_IRQHandler
                0x0000000008000264                DMA1_Stream7_IRQHandler
                0x0000000008000264                SPI5_IRQHandler
                0x0000000008000264                TIM5_IRQHandler
                0x0000000008000264                DMA2_Stream7_IRQHandler
                0x0000000008000264                I2C3_EV_IRQHandler
                0x0000000008000264                EXTI9_5_IRQHandler
                0x0000000008000264                RTC_WKUP_IRQHandler
                0x0000000008000264                SPI2_IRQHandler
                0x0000000008000264                MemManage_Handler
                0x0000000008000264                DMA1_Stream0_IRQHandler
                0x0000000008000264                SVC_Handler
                0x0000000008000264                EXTI4_IRQHandler
                0x0000000008000264                WWDG_IRQHandler
                0x0000000008000264                TIM2_IRQHandler
                0x0000000008000264                OTG_FS_WKUP_IRQHandler
                0x0000000008000264                TIM1_TRG_COM_TIM11_IRQHandler
                0x0000000008000264                EXTI1_IRQHandler
                0x0000000008000264                USART2_IRQHandler
                0x0000000008000264                I2C2_ER_IRQHandler
                0x0000000008000264                DMA2_Stream1_IRQHandler
                0x0000000008000264                FLASH_IRQHandler
                0x0000000008000264                DMA2_Stream4_IRQHandler
                0x0000000008000264                BusFault_Handler
                0x0000000008000264                USART1_IRQHandler
                0x0000000008000264                OTG_FS_IRQHandler
                0x0000000008000264                SPI3_IRQHandler
                0x0000000008000264                DMA1_Stream4_IRQHandler
                0x0000000008000264                I2C1_ER_IRQHandler
                0x0000000008000264                DMA2_Stream6_IRQHandler
                0x0000000008000264                DMA1_Stream3_IRQHandler
 *fill*         0x0000000008000266        0x2 
 .text.GPIO_PeripheralClockControl
                0x0000000008000268      0x140 ./drivers/Src/stm32f411_gpio_driver.o
                0x0000000008000268                GPIO_PeripheralClockControl
 .text.GPIO_Init
                0x00000000080003a8      0x340 ./drivers/Src/stm32f411_gpio_driver.o
                0x00000000080003a8                GPIO_Init
 .text.I2C_PeripheralClockControl
                0x00000000080006e8       0xb0 ./drivers/Src/stm32f411_i2c_driver.o
                0x00000000080006e8                I2C_PeripheralClockControl
 .text.I2C_Init
                0x0000000008000798      0x164 ./drivers/Src/stm32f411_i2c_driver.o
                0x0000000008000798                I2C_Init
 .text.I2C_GenerateStartCondition
                0x00000000080008fc       0x1e ./drivers/Src/stm32f411_i2c_driver.o
 .text.I2C_ExecuteAddressPhaseWrite
                0x000000000800091a       0x2a ./drivers/Src/stm32f411_i2c_driver.o
 .text.I2C_ExecuteAddressPhaseRead
                0x0000000008000944       0x2a ./drivers/Src/stm32f411_i2c_driver.o
 .text.I2C_ClearADDRFlag
                0x000000000800096e       0x76 ./drivers/Src/stm32f411_i2c_driver.o
 .text.I2C_GenerateStopCondition
                0x00000000080009e4       0x1e ./drivers/Src/stm32f411_i2c_driver.o
                0x00000000080009e4                I2C_GenerateStopCondition
 .text.I2C_MasterSendData
                0x0000000008000a02       0xc6 ./drivers/Src/stm32f411_i2c_driver.o
                0x0000000008000a02                I2C_MasterSendData
 .text.I2C_MasterReceiveData
                0x0000000008000ac8      0x11c ./drivers/Src/stm32f411_i2c_driver.o
                0x0000000008000ac8                I2C_MasterReceiveData
 .text.I2C_PeripheralsControl
                0x0000000008000be4       0x36 ./drivers/Src/stm32f411_i2c_driver.o
                0x0000000008000be4                I2C_PeripheralsControl
 .text.I2C_GetFlagStatus
                0x0000000008000c1a       0x26 ./drivers/Src/stm32f411_i2c_driver.o
                0x0000000008000c1a                I2C_GetFlagStatus
 .text.I2C_ManageAcking
                0x0000000008000c40       0x36 ./drivers/Src/stm32f411_i2c_driver.o
                0x0000000008000c40                I2C_ManageAcking
 *fill*         0x0000000008000c76        0x2 
 .text.RCC_GetPCLK1Value
                0x0000000008000c78       0xb4 ./drivers/Src/stm32f411_rcc_driver.o
                0x0000000008000c78                RCC_GetPCLK1Value
 .text.RCC_GetPLLOutputClock
                0x0000000008000d2c        0xe ./drivers/Src/stm32f411_rcc_driver.o
                0x0000000008000d2c                RCC_GetPLLOutputClock
 *fill*         0x0000000008000d3a        0x2 
 .text.i2c_init
                0x0000000008000d3c       0x1c ./externalDevicesDriver/Src/i2c_lcd_esp32s2.o
                0x0000000008000d3c                i2c_init
 .text.i2c_pin_config
                0x0000000008000d58       0x44 ./externalDevicesDriver/Src/i2c_lcd_esp32s2.o
 .text.i2c_config
                0x0000000008000d9c       0x38 ./externalDevicesDriver/Src/i2c_lcd_esp32s2.o
 .text.lcd_send_cmd
                0x0000000008000dd4       0x60 ./externalDevicesDriver/Src/i2c_lcd_esp32s2.o
                0x0000000008000dd4                lcd_send_cmd
 .text.lcd_send_data
                0x0000000008000e34       0x60 ./externalDevicesDriver/Src/i2c_lcd_esp32s2.o
                0x0000000008000e34                lcd_send_data
 .text.lcd_init
                0x0000000008000e94       0x62 ./externalDevicesDriver/Src/i2c_lcd_esp32s2.o
                0x0000000008000e94                lcd_init
 .text.lcd_send_string
                0x0000000008000ef6       0x2a ./externalDevicesDriver/Src/i2c_lcd_esp32s2.o
                0x0000000008000ef6                lcd_send_string
 .text.esp32s2_read
                0x0000000008000f20       0x64 ./externalDevicesDriver/Src/i2c_lcd_esp32s2.o
                0x0000000008000f20                esp32s2_read
 .text.delay    0x0000000008000f84       0x26 ./externalDevicesDriver/Src/i2c_lcd_esp32s2.o
                0x0000000008000f84                delay
 *fill*         0x0000000008000faa        0x2 
 .text.__libc_init_array
                0x0000000008000fac       0x48 c:/st/stm32cubeide_1.11.2/stm32cubeide/plugins/com.st.stm32cube.ide.mcu.externaltools.gnu-tools-for-stm32.10.3-2021.10.win32_1.0.200.202301161003/tools/bin/../lib/gcc/arm-none-eabi/10.3.1/../../../../arm-none-eabi/lib/thumb/v7e-m/nofp\libc_nano.a(lib_a-init.o)
                0x0000000008000fac                __libc_init_array
 *(.glue_7)
 .glue_7        0x0000000008000ff4        0x0 linker stubs
 *(.glue_7t)
 .glue_7t       0x0000000008000ff4        0x0 linker stubs
 *(.eh_frame)
 .eh_frame      0x0000000008000ff4        0x0 c:/st/stm32cubeide_1.11.2/stm32cubeide/plugins/com.st.stm32cube.ide.mcu.externaltools.gnu-tools-for-stm32.10.3-2021.10.win32_1.0.200.202301161003/tools/bin/../lib/gcc/arm-none-eabi/10.3.1/thumb/v7e-m/nofp/crtbegin.o
 *(.init)
 .init          0x0000000008000ff4        0x4 c:/st/stm32cubeide_1.11.2/stm32cubeide/plugins/com.st.stm32cube.ide.mcu.externaltools.gnu-tools-for-stm32.10.3-2021.10.win32_1.0.200.202301161003/tools/bin/../lib/gcc/arm-none-eabi/10.3.1/thumb/v7e-m/nofp/crti.o
                0x0000000008000ff4                _init
 .init          0x0000000008000ff8        0x8 c:/st/stm32cubeide_1.11.2/stm32cubeide/plugins/com.st.stm32cube.ide.mcu.externaltools.gnu-tools-for-stm32.10.3-2021.10.win32_1.0.200.202301161003/tools/bin/../lib/gcc/arm-none-eabi/10.3.1/thumb/v7e-m/nofp/crtn.o
 *(.fini)
 .fini          0x0000000008001000        0x4 c:/st/stm32cubeide_1.11.2/stm32cubeide/plugins/com.st.stm32cube.ide.mcu.externaltools.gnu-tools-for-stm32.10.3-2021.10.win32_1.0.200.202301161003/tools/bin/../lib/gcc/arm-none-eabi/10.3.1/thumb/v7e-m/nofp/crti.o
                0x0000000008001000                _fini
 .fini          0x0000000008001004        0x8 c:/st/stm32cubeide_1.11.2/stm32cubeide/plugins/com.st.stm32cube.ide.mcu.externaltools.gnu-tools-for-stm32.10.3-2021.10.win32_1.0.200.202301161003/tools/bin/../lib/gcc/arm-none-eabi/10.3.1/thumb/v7e-m/nofp/crtn.o
                0x000000000800100c                . = ALIGN (0x4)
                0x000000000800100c                _etext = .

.vfp11_veneer   0x000000000800100c        0x0
 .vfp11_veneer  0x000000000800100c        0x0 linker stubs

.v4_bx          0x000000000800100c        0x0
 .v4_bx         0x000000000800100c        0x0 linker stubs

.iplt           0x000000000800100c        0x0
 .iplt          0x000000000800100c        0x0 c:/st/stm32cubeide_1.11.2/stm32cubeide/plugins/com.st.stm32cube.ide.mcu.externaltools.gnu-tools-for-stm32.10.3-2021.10.win32_1.0.200.202301161003/tools/bin/../lib/gcc/arm-none-eabi/10.3.1/thumb/v7e-m/nofp/crtbegin.o

.rodata         0x000000000800100c       0x18
                0x000000000800100c                . = ALIGN (0x4)
 *(.rodata)
 .rodata        0x000000000800100c       0x15 ./Src/esp32s2_i2c_lcd.o
 *(.rodata*)
                0x0000000008001024                . = ALIGN (0x4)
 *fill*         0x0000000008001021        0x3 

.rel.dyn        0x0000000008001024        0x0
 .rel.iplt      0x0000000008001024        0x0 c:/st/stm32cubeide_1.11.2/stm32cubeide/plugins/com.st.stm32cube.ide.mcu.externaltools.gnu-tools-for-stm32.10.3-2021.10.win32_1.0.200.202301161003/tools/bin/../lib/gcc/arm-none-eabi/10.3.1/thumb/v7e-m/nofp/crtbegin.o

.ARM.extab      0x0000000008001024        0x0
                0x0000000008001024                . = ALIGN (0x4)
 *(.ARM.extab* .gnu.linkonce.armextab.*)
                0x0000000008001024                . = ALIGN (0x4)

.ARM            0x0000000008001024        0x0
                0x0000000008001024                . = ALIGN (0x4)
                0x0000000008001024                __exidx_start = .
 *(.ARM.exidx*)
                0x0000000008001024                __exidx_end = .
                0x0000000008001024                . = ALIGN (0x4)

.preinit_array  0x0000000008001024        0x0
                0x0000000008001024                . = ALIGN (0x4)
                0x0000000008001024                PROVIDE (__preinit_array_start = .)
 *(.preinit_array*)
                0x0000000008001024                PROVIDE (__preinit_array_end = .)
                0x0000000008001024                . = ALIGN (0x4)

.init_array     0x0000000008001024        0x4
                0x0000000008001024                . = ALIGN (0x4)
                0x0000000008001024                PROVIDE (__init_array_start = .)
 *(SORT_BY_NAME(.init_array.*))
 *(.init_array*)
 .init_array    0x0000000008001024        0x4 c:/st/stm32cubeide_1.11.2/stm32cubeide/plugins/com.st.stm32cube.ide.mcu.externaltools.gnu-tools-for-stm32.10.3-2021.10.win32_1.0.200.202301161003/tools/bin/../lib/gcc/arm-none-eabi/10.3.1/thumb/v7e-m/nofp/crtbegin.o
                0x0000000008001028                PROVIDE (__init_array_end = .)
                0x0000000008001028                . = ALIGN (0x4)

.fini_array     0x0000000008001028        0x4
                0x0000000008001028                . = ALIGN (0x4)
                [!provide]                        PROVIDE (__fini_array_start = .)
 *(SORT_BY_NAME(.fini_array.*))
 *(.fini_array*)
 .fini_array    0x0000000008001028        0x4 c:/st/stm32cubeide_1.11.2/stm32cubeide/plugins/com.st.stm32cube.ide.mcu.externaltools.gnu-tools-for-stm32.10.3-2021.10.win32_1.0.200.202301161003/tools/bin/../lib/gcc/arm-none-eabi/10.3.1/thumb/v7e-m/nofp/crtbegin.o
                [!provide]                        PROVIDE (__fini_array_end = .)
                0x000000000800102c                . = ALIGN (0x4)
                0x000000000800102c                _sidata = LOADADDR (.data)

.data           0x0000000020000000       0x18 load address 0x000000000800102c
                0x0000000020000000                . = ALIGN (0x4)
                0x0000000020000000                _sdata = .
 *(.data)
 *(.data*)
 .data.AHB_Prescaler
                0x0000000020000000       0x10 ./drivers/Src/stm32f411_rcc_driver.o
                0x0000000020000000                AHB_Prescaler
 .data.APB_Prescaler
                0x0000000020000010        0x8 ./drivers/Src/stm32f411_rcc_driver.o
                0x0000000020000010                APB_Prescaler
 *(.RamFunc)
 *(.RamFunc*)
                0x0000000020000018                . = ALIGN (0x4)
                0x0000000020000018                _edata = .

.igot.plt       0x0000000020000018        0x0 load address 0x0000000008001044
 .igot.plt      0x0000000020000018        0x0 c:/st/stm32cubeide_1.11.2/stm32cubeide/plugins/com.st.stm32cube.ide.mcu.externaltools.gnu-tools-for-stm32.10.3-2021.10.win32_1.0.200.202301161003/tools/bin/../lib/gcc/arm-none-eabi/10.3.1/thumb/v7e-m/nofp/crtbegin.o
                0x0000000020000018                . = ALIGN (0x4)

.bss            0x0000000020000018       0x64 load address 0x0000000008001044
                0x0000000020000018                _sbss = .
                0x0000000020000018                __bss_start__ = _sbss
 *(.bss)
 .bss           0x0000000020000018       0x1c c:/st/stm32cubeide_1.11.2/stm32cubeide/plugins/com.st.stm32cube.ide.mcu.externaltools.gnu-tools-for-stm32.10.3-2021.10.win32_1.0.200.202301161003/tools/bin/../lib/gcc/arm-none-eabi/10.3.1/thumb/v7e-m/nofp/crtbegin.o
 *(.bss*)
 .bss.rcv_buf   0x0000000020000034       0x20 ./externalDevicesDriver/Src/i2c_lcd_esp32s2.o
                0x0000000020000034                rcv_buf
 .bss.pI2C1Handle
                0x0000000020000054       0x28 ./externalDevicesDriver/Src/i2c_lcd_esp32s2.o
                0x0000000020000054                pI2C1Handle
 *(COMMON)
                0x000000002000007c                . = ALIGN (0x4)
                0x000000002000007c                _ebss = .
                0x000000002000007c                __bss_end__ = _ebss

._user_heap_stack
                0x000000002000007c      0x604 load address 0x0000000008001044
                0x0000000020000080                . = ALIGN (0x8)
 *fill*         0x000000002000007c        0x4 
                0x0000000020000080                PROVIDE (end = .)
                0x0000000020000080                PROVIDE (_end = .)
                0x0000000020000280                . = (. + _Min_Heap_Size)
 *fill*         0x0000000020000080      0x200 
                0x0000000020000680                . = (. + _Min_Stack_Size)
 *fill*         0x0000000020000280      0x400 
                0x0000000020000680                . = ALIGN (0x8)

/DISCARD/
 libc.a(*)
 libm.a(*)
 libgcc.a(*)

.ARM.attributes
                0x0000000000000000       0x2a
 *(.ARM.attributes)
 .ARM.attributes
                0x0000000000000000       0x1e c:/st/stm32cubeide_1.11.2/stm32cubeide/plugins/com.st.stm32cube.ide.mcu.externaltools.gnu-tools-for-stm32.10.3-2021.10.win32_1.0.200.202301161003/tools/bin/../lib/gcc/arm-none-eabi/10.3.1/thumb/v7e-m/nofp/crti.o
 .ARM.attributes
                0x000000000000001e       0x2e c:/st/stm32cubeide_1.11.2/stm32cubeide/plugins/com.st.stm32cube.ide.mcu.externaltools.gnu-tools-for-stm32.10.3-2021.10.win32_1.0.200.202301161003/tools/bin/../lib/gcc/arm-none-eabi/10.3.1/thumb/v7e-m/nofp/crtbegin.o
 .ARM.attributes
                0x000000000000004c       0x2e ./Src/esp32s2_i2c_lcd.o
 .ARM.attributes
                0x000000000000007a       0x21 ./Startup/startup_stm32f411vetx.o
 .ARM.attributes
                0x000000000000009b       0x2e ./drivers/Src/stm32f411_gpio_driver.o
 .ARM.attributes
                0x00000000000000c9       0x2e ./drivers/Src/stm32f411_i2c_driver.o
 .ARM.attributes
                0x00000000000000f7       0x2e ./drivers/Src/stm32f411_rcc_driver.o
 .ARM.attributes
                0x0000000000000125       0x2e ./externalDevicesDriver/Src/i2c_lcd_esp32s2.o
 .ARM.attributes
                0x0000000000000153       0x2e c:/st/stm32cubeide_1.11.2/stm32cubeide/plugins/com.st.stm32cube.ide.mcu.externaltools.gnu-tools-for-stm32.10.3-2021.10.win32_1.0.200.202301161003/tools/bin/../lib/gcc/arm-none-eabi/10.3.1/../../../../arm-none-eabi/lib/thumb/v7e-m/nofp\libc_nano.a(lib_a-init.o)
 .ARM.attributes
                0x0000000000000181       0x1e c:/st/stm32cubeide_1.11.2/stm32cubeide/plugins/com.st.stm32cube.ide.mcu.externaltools.gnu-tools-for-stm32.10.3-2021.10.win32_1.0.200.202301161003/tools/bin/../lib/gcc/arm-none-eabi/10.3.1/thumb/v7e-m/nofp/crtn.o
OUTPUT(stm32f4xx_DeviceDriver.elf elf32-littlearm)
LOAD linker stubs
LOAD c:/st/stm32cubeide_1.11.2/stm32cubeide/plugins/com.st.stm32cube.ide.mcu.externaltools.gnu-tools-for-stm32.10.3-2021.10.win32_1.0.200.202301161003/tools/bin/../lib/gcc/arm-none-eabi/10.3.1/../../../../arm-none-eabi/lib/thumb/v7e-m/nofp\libc.a
LOAD c:/st/stm32cubeide_1.11.2/stm32cubeide/plugins/com.st.stm32cube.ide.mcu.externaltools.gnu-tools-for-stm32.10.3-2021.10.win32_1.0.200.202301161003/tools/bin/../lib/gcc/arm-none-eabi/10.3.1/../../../../arm-none-eabi/lib/thumb/v7e-m/nofp\libm.a
LOAD c:/st/stm32cubeide_1.11.2/stm32cubeide/plugins/com.st.stm32cube.ide.mcu.externaltools.gnu-tools-for-stm32.10.3-2021.10.win32_1.0.200.202301161003/tools/bin/../lib/gcc/arm-none-eabi/10.3.1/thumb/v7e-m/nofp\libgcc.a

.debug_info     0x0000000000000000     0x1cbd
 .debug_info    0x0000000000000000      0x11e ./Src/esp32s2_i2c_lcd.o
 .debug_info    0x000000000000011e       0x22 ./Startup/startup_stm32f411vetx.o
 .debug_info    0x0000000000000140      0x757 ./drivers/Src/stm32f411_gpio_driver.o
 .debug_info    0x0000000000000897      0xa5d ./drivers/Src/stm32f411_i2c_driver.o
 .debug_info    0x00000000000012f4      0x3a2 ./drivers/Src/stm32f411_rcc_driver.o
 .debug_info    0x0000000000001696      0x627 ./externalDevicesDriver/Src/i2c_lcd_esp32s2.o

.debug_abbrev   0x0000000000000000      0x789
 .debug_abbrev  0x0000000000000000       0xcb ./Src/esp32s2_i2c_lcd.o
 .debug_abbrev  0x00000000000000cb       0x12 ./Startup/startup_stm32f411vetx.o
 .debug_abbrev  0x00000000000000dd      0x173 ./drivers/Src/stm32f411_gpio_driver.o
 .debug_abbrev  0x0000000000000250      0x26e ./drivers/Src/stm32f411_i2c_driver.o
 .debug_abbrev  0x00000000000004be      0x100 ./drivers/Src/stm32f411_rcc_driver.o
 .debug_abbrev  0x00000000000005be      0x1cb ./externalDevicesDriver/Src/i2c_lcd_esp32s2.o

.debug_aranges  0x0000000000000000      0x238
 .debug_aranges
                0x0000000000000000       0x20 ./Src/esp32s2_i2c_lcd.o
 .debug_aranges
                0x0000000000000020       0x28 ./Startup/startup_stm32f411vetx.o
 .debug_aranges
                0x0000000000000048       0x70 ./drivers/Src/stm32f411_gpio_driver.o
 .debug_aranges
                0x00000000000000b8       0xe8 ./drivers/Src/stm32f411_i2c_driver.o
 .debug_aranges
                0x00000000000001a0       0x30 ./drivers/Src/stm32f411_rcc_driver.o
 .debug_aranges
                0x00000000000001d0       0x68 ./externalDevicesDriver/Src/i2c_lcd_esp32s2.o

.debug_ranges   0x0000000000000000      0x1e0
 .debug_ranges  0x0000000000000000       0x10 ./Src/esp32s2_i2c_lcd.o
 .debug_ranges  0x0000000000000010       0x20 ./Startup/startup_stm32f411vetx.o
 .debug_ranges  0x0000000000000030       0x60 ./drivers/Src/stm32f411_gpio_driver.o
 .debug_ranges  0x0000000000000090       0xd8 ./drivers/Src/stm32f411_i2c_driver.o
 .debug_ranges  0x0000000000000168       0x20 ./drivers/Src/stm32f411_rcc_driver.o
 .debug_ranges  0x0000000000000188       0x58 ./externalDevicesDriver/Src/i2c_lcd_esp32s2.o

.debug_macro    0x0000000000000000     0x2032
 .debug_macro   0x0000000000000000       0xc1 ./Src/esp32s2_i2c_lcd.o
 .debug_macro   0x00000000000000c1      0xa78 ./Src/esp32s2_i2c_lcd.o
 .debug_macro   0x0000000000000b39       0x22 ./Src/esp32s2_i2c_lcd.o
 .debug_macro   0x0000000000000b5b       0x8e ./Src/esp32s2_i2c_lcd.o
 .debug_macro   0x0000000000000be9       0x51 ./Src/esp32s2_i2c_lcd.o
 .debug_macro   0x0000000000000c3a      0x103 ./Src/esp32s2_i2c_lcd.o
 .debug_macro   0x0000000000000d3d       0x6a ./Src/esp32s2_i2c_lcd.o
 .debug_macro   0x0000000000000da7      0x1df ./Src/esp32s2_i2c_lcd.o
 .debug_macro   0x0000000000000f86      0x174 ./Src/esp32s2_i2c_lcd.o
 .debug_macro   0x00000000000010fa      0x6d0 ./Src/esp32s2_i2c_lcd.o
 .debug_macro   0x00000000000017ca       0xc4 ./Src/esp32s2_i2c_lcd.o
 .debug_macro   0x000000000000188e       0xc4 ./Src/esp32s2_i2c_lcd.o
 .debug_macro   0x0000000000001952       0xe2 ./Src/esp32s2_i2c_lcd.o
 .debug_macro   0x0000000000001a34      0x137 ./Src/esp32s2_i2c_lcd.o
 .debug_macro   0x0000000000001b6b       0x16 ./Src/esp32s2_i2c_lcd.o
 .debug_macro   0x0000000000001b81       0xc2 ./drivers/Src/stm32f411_gpio_driver.o
 .debug_macro   0x0000000000001c43       0xbe ./drivers/Src/stm32f411_gpio_driver.o
 .debug_macro   0x0000000000001d01       0xc2 ./drivers/Src/stm32f411_i2c_driver.o
 .debug_macro   0x0000000000001dc3       0xdc ./drivers/Src/stm32f411_i2c_driver.o
 .debug_macro   0x0000000000001e9f       0xbc ./drivers/Src/stm32f411_rcc_driver.o
 .debug_macro   0x0000000000001f5b       0xc7 ./externalDevicesDriver/Src/i2c_lcd_esp32s2.o
 .debug_macro   0x0000000000002022       0x10 ./externalDevicesDriver/Src/i2c_lcd_esp32s2.o

.debug_line     0x0000000000000000     0x2823
 .debug_line    0x0000000000000000      0x506 ./Src/esp32s2_i2c_lcd.o
 .debug_line    0x0000000000000506       0x84 ./Startup/startup_stm32f411vetx.o
 .debug_line    0x000000000000058a      0x971 ./drivers/Src/stm32f411_gpio_driver.o
 .debug_line    0x0000000000000efb      0xd2e ./drivers/Src/stm32f411_i2c_driver.o
 .debug_line    0x0000000000001c29      0x573 ./drivers/Src/stm32f411_rcc_driver.o
 .debug_line    0x000000000000219c      0x687 ./externalDevicesDriver/Src/i2c_lcd_esp32s2.o

.debug_str      0x0000000000000000     0x7158
 .debug_str     0x0000000000000000     0x68e1 ./Src/esp32s2_i2c_lcd.o
                                       0x6ac6 (size before relaxing)
 .debug_str     0x00000000000068e1       0x31 ./Startup/startup_stm32f411vetx.o
                                         0x80 (size before relaxing)
 .debug_str     0x0000000000006912      0x377 ./drivers/Src/stm32f411_gpio_driver.o
                                       0x6dbc (size before relaxing)
 .debug_str     0x0000000000006c89      0x3a6 ./drivers/Src/stm32f411_i2c_driver.o
                                       0x6f08 (size before relaxing)
 .debug_str     0x000000000000702f       0x92 ./drivers/Src/stm32f411_rcc_driver.o
                                       0x6bdd (size before relaxing)
 .debug_str     0x00000000000070c1       0x97 ./externalDevicesDriver/Src/i2c_lcd_esp32s2.o
                                       0x6d4a (size before relaxing)

.comment        0x0000000000000000       0x50
 .comment       0x0000000000000000       0x50 ./Src/esp32s2_i2c_lcd.o
                                         0x51 (size before relaxing)
 .comment       0x0000000000000050       0x51 ./drivers/Src/stm32f411_gpio_driver.o
 .comment       0x0000000000000050       0x51 ./drivers/Src/stm32f411_i2c_driver.o
 .comment       0x0000000000000050       0x51 ./drivers/Src/stm32f411_rcc_driver.o
 .comment       0x0000000000000050       0x51 ./externalDevicesDriver/Src/i2c_lcd_esp32s2.o

.debug_frame    0x0000000000000000      0x7f4
 .debug_frame   0x0000000000000000       0x2c ./Src/esp32s2_i2c_lcd.o
 .debug_frame   0x000000000000002c      0x1c8 ./drivers/Src/stm32f411_gpio_driver.o
 .debug_frame   0x00000000000001f4      0x3f8 ./drivers/Src/stm32f411_i2c_driver.o
 .debug_frame   0x00000000000005ec       0x78 ./drivers/Src/stm32f411_rcc_driver.o
 .debug_frame   0x0000000000000664      0x164 ./externalDevicesDriver/Src/i2c_lcd_esp32s2.o
 .debug_frame   0x00000000000007c8       0x2c c:/st/stm32cubeide_1.11.2/stm32cubeide/plugins/com.st.stm32cube.ide.mcu.externaltools.gnu-tools-for-stm32.10.3-2021.10.win32_1.0.200.202301161003/tools/bin/../lib/gcc/arm-none-eabi/10.3.1/../../../../arm-none-eabi/lib/thumb/v7e-m/nofp\libc_nano.a(lib_a-init.o)
