Archive member included to satisfy reference by file (symbol)

c:/st/stm32cubeide_1.11.2/stm32cubeide/plugins/com.st.stm32cube.ide.mcu.externaltools.gnu-tools-for-stm32.10.3-2021.10.win32_1.0.100.202210260954/tools/bin/../lib/gcc/arm-none-eabi/10.3.1/../../../../arm-none-eabi/lib/thumb/v7e-m/nofp\libc_nano.a(lib_a-errno.o)
                              ./Src/sysmem.o (__errno)
c:/st/stm32cubeide_1.11.2/stm32cubeide/plugins/com.st.stm32cube.ide.mcu.externaltools.gnu-tools-for-stm32.10.3-2021.10.win32_1.0.100.202210260954/tools/bin/../lib/gcc/arm-none-eabi/10.3.1/../../../../arm-none-eabi/lib/thumb/v7e-m/nofp\libc_nano.a(lib_a-exit.o)
                              c:/st/stm32cubeide_1.11.2/stm32cubeide/plugins/com.st.stm32cube.ide.mcu.externaltools.gnu-tools-for-stm32.10.3-2021.10.win32_1.0.100.202210260954/tools/bin/../lib/gcc/arm-none-eabi/10.3.1/../../../../arm-none-eabi/lib/thumb/v7e-m/nofp/rdimon-crt0.o (exit)
c:/st/stm32cubeide_1.11.2/stm32cubeide/plugins/com.st.stm32cube.ide.mcu.externaltools.gnu-tools-for-stm32.10.3-2021.10.win32_1.0.100.202210260954/tools/bin/../lib/gcc/arm-none-eabi/10.3.1/../../../../arm-none-eabi/lib/thumb/v7e-m/nofp\libc_nano.a(lib_a-impure.o)
                              c:/st/stm32cubeide_1.11.2/stm32cubeide/plugins/com.st.stm32cube.ide.mcu.externaltools.gnu-tools-for-stm32.10.3-2021.10.win32_1.0.100.202210260954/tools/bin/../lib/gcc/arm-none-eabi/10.3.1/../../../../arm-none-eabi/lib/thumb/v7e-m/nofp\libc_nano.a(lib_a-exit.o) (_global_impure_ptr)
c:/st/stm32cubeide_1.11.2/stm32cubeide/plugins/com.st.stm32cube.ide.mcu.externaltools.gnu-tools-for-stm32.10.3-2021.10.win32_1.0.100.202210260954/tools/bin/../lib/gcc/arm-none-eabi/10.3.1/../../../../arm-none-eabi/lib/thumb/v7e-m/nofp\libc_nano.a(lib_a-init.o)
                              c:/st/stm32cubeide_1.11.2/stm32cubeide/plugins/com.st.stm32cube.ide.mcu.externaltools.gnu-tools-for-stm32.10.3-2021.10.win32_1.0.100.202210260954/tools/bin/../lib/gcc/arm-none-eabi/10.3.1/../../../../arm-none-eabi/lib/thumb/v7e-m/nofp/rdimon-crt0.o (__libc_init_array)
c:/st/stm32cubeide_1.11.2/stm32cubeide/plugins/com.st.stm32cube.ide.mcu.externaltools.gnu-tools-for-stm32.10.3-2021.10.win32_1.0.100.202210260954/tools/bin/../lib/gcc/arm-none-eabi/10.3.1/../../../../arm-none-eabi/lib/thumb/v7e-m/nofp\libc_nano.a(lib_a-memset.o)
                              c:/st/stm32cubeide_1.11.2/stm32cubeide/plugins/com.st.stm32cube.ide.mcu.externaltools.gnu-tools-for-stm32.10.3-2021.10.win32_1.0.100.202210260954/tools/bin/../lib/gcc/arm-none-eabi/10.3.1/../../../../arm-none-eabi/lib/thumb/v7e-m/nofp/rdimon-crt0.o (memset)
c:/st/stm32cubeide_1.11.2/stm32cubeide/plugins/com.st.stm32cube.ide.mcu.externaltools.gnu-tools-for-stm32.10.3-2021.10.win32_1.0.100.202210260954/tools/bin/../lib/gcc/arm-none-eabi/10.3.1/../../../../arm-none-eabi/lib/thumb/v7e-m/nofp\libc_nano.a(lib_a-strlen.o)
                              ./Src/i2c_slave_tx_string.o (strlen)
c:/st/stm32cubeide_1.11.2/stm32cubeide/plugins/com.st.stm32cube.ide.mcu.externaltools.gnu-tools-for-stm32.10.3-2021.10.win32_1.0.100.202210260954/tools/bin/../lib/gcc/arm-none-eabi/10.3.1/../../../../arm-none-eabi/lib/thumb/v7e-m/nofp\librdimon_nano.a(rdimon-syscalls.o)
                              c:/st/stm32cubeide_1.11.2/stm32cubeide/plugins/com.st.stm32cube.ide.mcu.externaltools.gnu-tools-for-stm32.10.3-2021.10.win32_1.0.100.202210260954/tools/bin/../lib/gcc/arm-none-eabi/10.3.1/../../../../arm-none-eabi/lib/thumb/v7e-m/nofp/rdimon-crt0.o (initialise_monitor_handles)
c:/st/stm32cubeide_1.11.2/stm32cubeide/plugins/com.st.stm32cube.ide.mcu.externaltools.gnu-tools-for-stm32.10.3-2021.10.win32_1.0.100.202210260954/tools/bin/../lib/gcc/arm-none-eabi/10.3.1/../../../../arm-none-eabi/lib/thumb/v7e-m/nofp\librdimon_nano.a(rdimon-_exit.o)
                              c:/st/stm32cubeide_1.11.2/stm32cubeide/plugins/com.st.stm32cube.ide.mcu.externaltools.gnu-tools-for-stm32.10.3-2021.10.win32_1.0.100.202210260954/tools/bin/../lib/gcc/arm-none-eabi/10.3.1/../../../../arm-none-eabi/lib/thumb/v7e-m/nofp\libc_nano.a(lib_a-exit.o) (_exit)
c:/st/stm32cubeide_1.11.2/stm32cubeide/plugins/com.st.stm32cube.ide.mcu.externaltools.gnu-tools-for-stm32.10.3-2021.10.win32_1.0.100.202210260954/tools/bin/../lib/gcc/arm-none-eabi/10.3.1/../../../../arm-none-eabi/lib/thumb/v7e-m/nofp\librdimon_nano.a(rdimon-_kill.o)
                              c:/st/stm32cubeide_1.11.2/stm32cubeide/plugins/com.st.stm32cube.ide.mcu.externaltools.gnu-tools-for-stm32.10.3-2021.10.win32_1.0.100.202210260954/tools/bin/../lib/gcc/arm-none-eabi/10.3.1/../../../../arm-none-eabi/lib/thumb/v7e-m/nofp\librdimon_nano.a(rdimon-_exit.o) (_kill_shared)
c:/st/stm32cubeide_1.11.2/stm32cubeide/plugins/com.st.stm32cube.ide.mcu.externaltools.gnu-tools-for-stm32.10.3-2021.10.win32_1.0.100.202210260954/tools/bin/../lib/gcc/arm-none-eabi/10.3.1/../../../../arm-none-eabi/lib/thumb/v7e-m/nofp\libc_nano.a(lib_a-findfp.o)
[...]
Memory Configuration

Name             Origin             Length             Attributes
RAM              0x0000000020000000 0x0000000000020000 xrw
FLASH            0x0000000008000000 0x0000000000080000 xr
*default*        0x0000000000000000 0xffffffffffffffff

Linker script and memory map

LOAD c:/st/stm32cubeide_1.11.2/stm32cubeide/plugins/com.st.stm32cube.ide.mcu.externaltools.gnu-tools-for-stm32.10.3-2021.10.win32_1.0.100.202210260954/tools/bin/../lib/gcc/arm-none-eabi/10.3.1/thumb/v7e-m/nofp/crti.o
LOAD c:/st/stm32cubeide_1.11.2/stm32cubeide/plugins/com.st.stm32cube.ide.mcu.externaltools.gnu-tools-for-stm32.10.3-2021.10.win32_1.0.100.202210260954/tools/bin/../lib/gcc/arm-none-eabi/10.3.1/thumb/v7e-m/nofp/crtbegin.o
LOAD c:/st/stm32cubeide_1.11.2/stm32cubeide/plugins/com.st.stm32cube.ide.mcu.externaltools.gnu-tools-for-stm32.10.3-2021.10.win32_1.0.100.202210260954/tools/bin/../lib/gcc/arm-none-eabi/10.3.1/../../../../arm-none-eabi/lib/thumb/v7e-m/nofp/rdimon-crt0.o
LOAD ./Src/i2c_slave_tx_string.o
LOAD ./Src/sysmem.o
LOAD ./Startup/startup_stm32f411vetx.o
LOAD ./drivers/Src/stm32f411_gpio_driver.o
LOAD ./drivers/Src/stm32f411_i2c_driver.o
LOAD ./drivers/Src/stm32f411_spi_driver.o
LOAD ./drivers/Src/stm32f411_usart_driver.o
LOAD c:/st/stm32cubeide_1.11.2/stm32cubeide/plugins/com.st.stm32cube.ide.mcu.externaltools.gnu-tools-for-stm32.10.3-2021.10.win32_1.0.100.202210260954/tools/bin/../lib/gcc/arm-none-eabi/10.3.1/../../../../arm-none-eabi/lib/thumb/v7e-m/nofp\libc_nano.a
LOAD c:/st/stm32cubeide_1.11.2/stm32cubeide/plugins/com.st.stm32cube.ide.mcu.externaltools.gnu-tools-for-stm32.10.3-2021.10.win32_1.0.100.202210260954/tools/bin/../lib/gcc/arm-none-eabi/10.3.1/../../../../arm-none-eabi/lib/thumb/v7e-m/nofp\librdimon_nano.a
START GROUP
LOAD c:/st/stm32cubeide_1.11.2/stm32cubeide/plugins/com.st.stm32cube.ide.mcu.externaltools.gnu-tools-for-stm32.10.3-2021.10.win32_1.0.100.202210260954/tools/bin/../lib/gcc/arm-none-eabi/10.3.1/../../../../arm-none-eabi/lib/thumb/v7e-m/nofp\libc_nano.a
LOAD c:/st/stm32cubeide_1.11.2/stm32cubeide/plugins/com.st.stm32cube.ide.mcu.externaltools.gnu-tools-for-stm32.10.3-2021.10.win32_1.0.100.202210260954/tools/bin/../lib/gcc/arm-none-eabi/10.3.1/../../../../arm-none-eabi/lib/thumb/v7e-m/nofp\libm.a
END GROUP
START GROUP
LOAD c:/st/stm32cubeide_1.11.2/stm32cubeide/plugins/com.st.stm32cube.ide.mcu.externaltools.gnu-tools-for-stm32.10.3-2021.10.win32_1.0.100.202210260954/tools/bin/../lib/gcc/arm-none-eabi/10.3.1/thumb/v7e-m/nofp\libgcc.a
LOAD c:/st/stm32cubeide_1.11.2/stm32cubeide/plugins/com.st.stm32cube.ide.mcu.externaltools.gnu-tools-for-stm32.10.3-2021.10.win32_1.0.100.202210260954/tools/bin/../lib/gcc/arm-none-eabi/10.3.1/../../../../arm-none-eabi/lib/thumb/v7e-m/nofp\libc_nano.a
END GROUP
START GROUP
LOAD c:/st/stm32cubeide_1.11.2/stm32cubeide/plugins/com.st.stm32cube.ide.mcu.externaltools.gnu-tools-for-stm32.10.3-2021.10.win32_1.0.100.202210260954/tools/bin/../lib/gcc/arm-none-eabi/10.3.1/thumb/v7e-m/nofp\libgcc.a
LOAD c:/st/stm32cubeide_1.11.2/stm32cubeide/plugins/com.st.stm32cube.ide.mcu.externaltools.gnu-tools-for-stm32.10.3-2021.10.win32_1.0.100.202210260954/tools/bin/../lib/gcc/arm-none-eabi/10.3.1/../../../../arm-none-eabi/lib/thumb/v7e-m/nofp\libc_nano.a
LOAD c:/st/stm32cubeide_1.11.2/stm32cubeide/plugins/com.st.stm32cube.ide.mcu.externaltools.gnu-tools-for-stm32.10.3-2021.10.win32_1.0.100.202210260954/tools/bin/../lib/gcc/arm-none-eabi/10.3.1/../../../../arm-none-eabi/lib/thumb/v7e-m/nofp\libnosys.a
END GROUP
START GROUP
LOAD c:/st/stm32cubeide_1.11.2/stm32cubeide/plugins/com.st.stm32cube.ide.mcu.externaltools.gnu-tools-for-stm32.10.3-2021.10.win32_1.0.100.202210260954/tools/bin/../lib/gcc/arm-none-eabi/10.3.1/thumb/v7e-m/nofp\libgcc.a
LOAD c:/st/stm32cubeide_1.11.2/stm32cubeide/plugins/com.st.stm32cube.ide.mcu.externaltools.gnu-tools-for-stm32.10.3-2021.10.win32_1.0.100.202210260954/tools/bin/../lib/gcc/arm-none-eabi/10.3.1/../../../../arm-none-eabi/lib/thumb/v7e-m/nofp\libc_nano.a
LOAD c:/st/stm32cubeide_1.11.2/stm32cubeide/plugins/com.st.stm32cube.ide.mcu.externaltools.gnu-tools-for-stm32.10.3-2021.10.win32_1.0.100.202210260954/tools/bin/../lib/gcc/arm-none-eabi/10.3.1/../../../../arm-none-eabi/lib/thumb/v7e-m/nofp\librdimon_nano.a
END GROUP
START GROUP
LOAD c:/st/stm32cubeide_1.11.2/stm32cubeide/plugins/com.st.stm32cube.ide.mcu.externaltools.gnu-tools-for-stm32.10.3-2021.10.win32_1.0.100.202210260954/tools/bin/../lib/gcc/arm-none-eabi/10.3.1/thumb/v7e-m/nofp\libgcc.a
LOAD c:/st/stm32cubeide_1.11.2/stm32cubeide/plugins/com.st.stm32cube.ide.mcu.externaltools.gnu-tools-for-stm32.10.3-2021.10.win32_1.0.100.202210260954/tools/bin/../lib/gcc/arm-none-eabi/10.3.1/../../../../arm-none-eabi/lib/thumb/v7e-m/nofp\libc_nano.a
LOAD c:/st/stm32cubeide_1.11.2/stm32cubeide/plugins/com.st.stm32cube.ide.mcu.externaltools.gnu-tools-for-stm32.10.3-2021.10.win32_1.0.100.202210260954/tools/bin/../lib/gcc/arm-none-eabi/10.3.1/../../../../arm-none-eabi/lib/thumb/v7e-m/nofp\librdimon_nano.a
LOAD c:/st/stm32cubeide_1.11.2/stm32cubeide/plugins/com.st.stm32cube.ide.mcu.externaltools.gnu-tools-for-stm32.10.3-2021.10.win32_1.0.100.202210260954/tools/bin/../lib/gcc/arm-none-eabi/10.3.1/../../../../arm-none-eabi/lib/thumb/v7e-m/nofp\libnosys.a
END GROUP
LOAD c:/st/stm32cubeide_1.11.2/stm32cubeide/plugins/com.st.stm32cube.ide.mcu.externaltools.gnu-tools-for-stm32.10.3-2021.10.win32_1.0.100.202210260954/tools/bin/../lib/gcc/arm-none-eabi/10.3.1/thumb/v7e-m/nofp/crtend.o
LOAD c:/st/stm32cubeide_1.11.2/stm32cubeide/plugins/com.st.stm32cube.ide.mcu.externaltools.gnu-tools-for-stm32.10.3-2021.10.win32_1.0.100.202210260954/tools/bin/../lib/gcc/arm-none-eabi/10.3.1/thumb/v7e-m/nofp/crtn.o
                0x0000000020020000                _estack = (ORIGIN (RAM) + LENGTH (RAM))
                0x0000000000000200                _Min_Heap_Size = 0x200
                0x0000000000000400                _Min_Stack_Size = 0x400

.isr_vector     0x0000000008000000      0x198
                0x0000000008000000                . = ALIGN (0x4)
 *(.isr_vector)
 .isr_vector    0x0000000008000000      0x198 ./Startup/startup_stm32f411vetx.o
                0x0000000008000000                g_pfnVectors
                0x0000000008000198                . = ALIGN (0x4)

.text           0x0000000008000198     0x11b0
                0x0000000008000198                . = ALIGN (0x4)
 *(.text)
 .text          0x0000000008000198       0x40 c:/st/stm32cubeide_1.11.2/stm32cubeide/plugins/com.st.stm32cube.ide.mcu.externaltools.gnu-tools-for-stm32.10.3-2021.10.win32_1.0.100.202210260954/tools/bin/../lib/gcc/arm-none-eabi/10.3.1/thumb/v7e-m/nofp/crtbegin.o
 .text          0x00000000080001d8       0x10 c:/st/stm32cubeide_1.11.2/stm32cubeide/plugins/com.st.stm32cube.ide.mcu.externaltools.gnu-tools-for-stm32.10.3-2021.10.win32_1.0.100.202210260954/tools/bin/../lib/gcc/arm-none-eabi/10.3.1/../../../../arm-none-eabi/lib/thumb/v7e-m/nofp\libc_nano.a(lib_a-strlen.o)
                0x00000000080001d8                strlen
 *(.text*)
 .text.GPIO_ButtonLedInits
                0x00000000080001e8       0x74 ./Src/i2c_slave_tx_string.o
                0x00000000080001e8                GPIO_ButtonLedInits
 .text.I2C1_GPIOInits
                0x000000000800025c       0x44 ./Src/i2c_slave_tx_string.o
                0x000000000800025c                I2C1_GPIOInits
 .text.I2C1_Init
                0x00000000080002a0       0x30 ./Src/i2c_slave_tx_string.o
                0x00000000080002a0                I2C1_Init
 .text.main     0x00000000080002d0       0x40 ./Src/i2c_slave_tx_string.o
                0x00000000080002d0                main
 .text.I2C1_EV_IRQHandler
                0x0000000008000310       0x14 ./Src/i2c_slave_tx_string.o
                0x0000000008000310                I2C1_EV_IRQHandler
 .text.I2C1_ER_IRQHandler
                0x0000000008000324       0x14 ./Src/i2c_slave_tx_string.o
                0x0000000008000324                I2C1_ER_IRQHandler
 .text.I2C_ApplicationEventCallBack
                0x0000000008000338       0xbc ./Src/i2c_slave_tx_string.o
                0x0000000008000338                I2C_ApplicationEventCallBack
 .text.Reset_Handler
                0x00000000080003f4       0x50 ./Startup/startup_stm32f411vetx.o
                0x00000000080003f4                Reset_Handler
 .text.Default_Handler
                0x0000000008000444        0x2 ./Startup/startup_stm32f411vetx.o
                0x0000000008000444                RTC_Alarm_IRQHandler
                0x0000000008000444                EXTI2_IRQHandler
                0x0000000008000444                DebugMon_Handler
                0x0000000008000444                SPI4_IRQHandler
                0x0000000008000444                TIM1_CC_IRQHandler
                0x0000000008000444                DMA2_Stream5_IRQHandler
                0x0000000008000444                HardFault_Handler
                0x0000000008000444                DMA1_Stream5_IRQHandler
                0x0000000008000444                SysTick_Handler
                0x0000000008000444                PVD_IRQHandler
                0x0000000008000444                SDIO_IRQHandler
                0x0000000008000444                TAMP_STAMP_IRQHandler
                0x0000000008000444                PendSV_Handler
                0x0000000008000444                NMI_Handler
                0x0000000008000444                EXTI3_IRQHandler
                0x0000000008000444                TIM1_UP_TIM10_IRQHandler
                0x0000000008000444                I2C3_ER_IRQHandler
                0x0000000008000444                EXTI0_IRQHandler
                0x0000000008000444                I2C2_EV_IRQHandler
                0x0000000008000444                DMA1_Stream2_IRQHandler
                0x0000000008000444                UsageFault_Handler
                0x0000000008000444                DMA2_Stream2_IRQHandler
                0x0000000008000444                SPI1_IRQHandler
                0x0000000008000444                TIM1_BRK_TIM9_IRQHandler
                0x0000000008000444                DMA2_Stream3_IRQHandler
                0x0000000008000444                USART6_IRQHandler
                0x0000000008000444                DMA2_Stream0_IRQHandler
                0x0000000008000444                TIM4_IRQHandler
                0x0000000008000444                DMA1_Stream6_IRQHandler
                0x0000000008000444                DMA1_Stream1_IRQHandler
                0x0000000008000444                TIM3_IRQHandler
                0x0000000008000444                RCC_IRQHandler
                0x0000000008000444                Default_Handler
                0x0000000008000444                EXTI15_10_IRQHandler
                0x0000000008000444                ADC_IRQHandler
                0x0000000008000444                DMA1_Stream7_IRQHandler
                0x0000000008000444                SPI5_IRQHandler
                0x0000000008000444                TIM5_IRQHandler
                0x0000000008000444                DMA2_Stream7_IRQHandler
                0x0000000008000444                I2C3_EV_IRQHandler
                0x0000000008000444                EXTI9_5_IRQHandler
                0x0000000008000444                RTC_WKUP_IRQHandler
                0x0000000008000444                SPI2_IRQHandler
                0x0000000008000444                MemManage_Handler
                0x0000000008000444                DMA1_Stream0_IRQHandler
                0x0000000008000444                SVC_Handler
                0x0000000008000444                EXTI4_IRQHandler
                0x0000000008000444                WWDG_IRQHandler
                0x0000000008000444                TIM2_IRQHandler
                0x0000000008000444                OTG_FS_WKUP_IRQHandler
                0x0000000008000444                TIM1_TRG_COM_TIM11_IRQHandler
                0x0000000008000444                EXTI1_IRQHandler
                0x0000000008000444                USART2_IRQHandler
                0x0000000008000444                I2C2_ER_IRQHandler
                0x0000000008000444                DMA2_Stream1_IRQHandler
                0x0000000008000444                FLASH_IRQHandler
                0x0000000008000444                DMA2_Stream4_IRQHandler
                0x0000000008000444                BusFault_Handler
                0x0000000008000444                USART1_IRQHandler
                0x0000000008000444                OTG_FS_IRQHandler
                0x0000000008000444                SPI3_IRQHandler
                0x0000000008000444                DMA1_Stream4_IRQHandler
                0x0000000008000444                DMA2_Stream6_IRQHandler
                0x0000000008000444                DMA1_Stream3_IRQHandler
 *fill*         0x0000000008000446        0x2 
 .text.GPIO_PeripheralClockControl
                0x0000000008000448      0x140 ./drivers/Src/stm32f411_gpio_driver.o
                0x0000000008000448                GPIO_PeripheralClockControl
 .text.GPIO_Init
                0x0000000008000588      0x340 ./drivers/Src/stm32f411_gpio_driver.o
                0x0000000008000588                GPIO_Init
 .text.I2C_PeripheralClockControl
                0x00000000080008c8       0xb0 ./drivers/Src/stm32f411_i2c_driver.o
                0x00000000080008c8                I2C_PeripheralClockControl
 .text.RCC_GetPLLOutputClock
                0x0000000008000978        0xe ./drivers/Src/stm32f411_i2c_driver.o
                0x0000000008000978                RCC_GetPLLOutputClock
 *fill*         0x0000000008000986        0x2 
 .text.RCC_GetPCLK1Value
                0x0000000008000988       0xb4 ./drivers/Src/stm32f411_i2c_driver.o
                0x0000000008000988                RCC_GetPCLK1Value
 .text.I2C_Init
                0x0000000008000a3c      0x168 ./drivers/Src/stm32f411_i2c_driver.o
                0x0000000008000a3c                I2C_Init
 .text.I2C_ExecuteAddressPhaseWrite
                0x0000000008000ba4       0x2a ./drivers/Src/stm32f411_i2c_driver.o
 .text.I2C_ExecuteAddressPhaseRead
                0x0000000008000bce       0x2a ./drivers/Src/stm32f411_i2c_driver.o
 .text.I2C_ClearADDRFlag
                0x0000000008000bf8       0x76 ./drivers/Src/stm32f411_i2c_driver.o
 .text.I2C_GenerateStopCondition
                0x0000000008000c6e       0x1e ./drivers/Src/stm32f411_i2c_driver.o
                0x0000000008000c6e                I2C_GenerateStopCondition
 .text.I2C_SlaveSendData
                0x0000000008000c8c       0x1c ./drivers/Src/stm32f411_i2c_driver.o
                0x0000000008000c8c                I2C_SlaveSendData
 .text.I2C_SlaveReceiveDataIT
                0x0000000008000ca8       0x18 ./drivers/Src/stm32f411_i2c_driver.o
                0x0000000008000ca8                I2C_SlaveReceiveDataIT
 .text.I2C_IRQInterruptConfig
                0x0000000008000cc0       0xf0 ./drivers/Src/stm32f411_i2c_driver.o
                0x0000000008000cc0                I2C_IRQInterruptConfig
 .text.I2C_PeripheralsControl
                0x0000000008000db0       0x36 ./drivers/Src/stm32f411_i2c_driver.o
                0x0000000008000db0                I2C_PeripheralsControl
 .text.I2C_ManageAcking
                0x0000000008000de6       0x36 ./drivers/Src/stm32f411_i2c_driver.o
                0x0000000008000de6                I2C_ManageAcking
 .text.I2C_MasterHandlerRXNEInterrupt
                0x0000000008000e1c       0x98 ./drivers/Src/stm32f411_i2c_driver.o
 .text.I2C_MasterHandleTXEInterrupt
                0x0000000008000eb4       0x50 ./drivers/Src/stm32f411_i2c_driver.o
 .text.I2C_IRQ_EVHandling
                0x0000000008000f04      0x1c0 ./drivers/Src/stm32f411_i2c_driver.o
                0x0000000008000f04                I2C_IRQ_EVHandling
 .text.I2C_IRQ_ERHandling
                0x00000000080010c4      0x10c ./drivers/Src/stm32f411_i2c_driver.o
                0x00000000080010c4                I2C_IRQ_ERHandling
 .text.I2C_CloseReceiveData
                0x00000000080011d0       0x5c ./drivers/Src/stm32f411_i2c_driver.o
                0x00000000080011d0                I2C_CloseReceiveData
 .text.I2C_CloseSendData
                0x000000000800122c       0x44 ./drivers/Src/stm32f411_i2c_driver.o
                0x000000000800122c                I2C_CloseSendData
 .text.I2C_EnableDisableCallBackEvents
                0x0000000008001270       0x66 ./drivers/Src/stm32f411_i2c_driver.o
                0x0000000008001270                I2C_EnableDisableCallBackEvents
 *fill*         0x00000000080012d6        0x2 
 .text.__libc_init_array
                0x00000000080012d8       0x48 c:/st/stm32cubeide_1.11.2/stm32cubeide/plugins/com.st.stm32cube.ide.mcu.externaltools.gnu-tools-for-stm32.10.3-2021.10.win32_1.0.100.202210260954/tools/bin/../lib/gcc/arm-none-eabi/10.3.1/../../../../arm-none-eabi/lib/thumb/v7e-m/nofp\libc_nano.a(lib_a-init.o)
                0x00000000080012d8                __libc_init_array
 .text.memset   0x0000000008001320       0x10 c:/st/stm32cubeide_1.11.2/stm32cubeide/plugins/com.st.stm32cube.ide.mcu.externaltools.gnu-tools-for-stm32.10.3-2021.10.win32_1.0.100.202210260954/tools/bin/../lib/gcc/arm-none-eabi/10.3.1/../../../../arm-none-eabi/lib/thumb/v7e-m/nofp\libc_nano.a(lib_a-memset.o)
                0x0000000008001320                memset
 *(.glue_7)
 .glue_7        0x0000000008001330        0x0 linker stubs
 *(.glue_7t)
 .glue_7t       0x0000000008001330        0x0 linker stubs
 *(.eh_frame)
 .eh_frame      0x0000000008001330        0x0 c:/st/stm32cubeide_1.11.2/stm32cubeide/plugins/com.st.stm32cube.ide.mcu.externaltools.gnu-tools-for-stm32.10.3-2021.10.win32_1.0.100.202210260954/tools/bin/../lib/gcc/arm-none-eabi/10.3.1/thumb/v7e-m/nofp/crtbegin.o
 *(.init)
 .init          0x0000000008001330        0x4 c:/st/stm32cubeide_1.11.2/stm32cubeide/plugins/com.st.stm32cube.ide.mcu.externaltools.gnu-tools-for-stm32.10.3-2021.10.win32_1.0.100.202210260954/tools/bin/../lib/gcc/arm-none-eabi/10.3.1/thumb/v7e-m/nofp/crti.o
                0x0000000008001330                _init
 .init          0x0000000008001334        0x8 c:/st/stm32cubeide_1.11.2/stm32cubeide/plugins/com.st.stm32cube.ide.mcu.externaltools.gnu-tools-for-stm32.10.3-2021.10.win32_1.0.100.202210260954/tools/bin/../lib/gcc/arm-none-eabi/10.3.1/thumb/v7e-m/nofp/crtn.o
 *(.fini)
 .fini          0x000000000800133c        0x4 c:/st/stm32cubeide_1.11.2/stm32cubeide/plugins/com.st.stm32cube.ide.mcu.externaltools.gnu-tools-for-stm32.10.3-2021.10.win32_1.0.100.202210260954/tools/bin/../lib/gcc/arm-none-eabi/10.3.1/thumb/v7e-m/nofp/crti.o
                0x000000000800133c                _fini
 .fini          0x0000000008001340        0x8 c:/st/stm32cubeide_1.11.2/stm32cubeide/plugins/com.st.stm32cube.ide.mcu.externaltools.gnu-tools-for-stm32.10.3-2021.10.win32_1.0.100.202210260954/tools/bin/../lib/gcc/arm-none-eabi/10.3.1/thumb/v7e-m/nofp/crtn.o
                0x0000000008001348                . = ALIGN (0x4)
                0x0000000008001348                _etext = .

.vfp11_veneer   0x0000000008001348        0x0
 .vfp11_veneer  0x0000000008001348        0x0 linker stubs

.v4_bx          0x0000000008001348        0x0
 .v4_bx         0x0000000008001348        0x0 linker stubs

.iplt           0x0000000008001348        0x0
 .iplt          0x0000000008001348        0x0 c:/st/stm32cubeide_1.11.2/stm32cubeide/plugins/com.st.stm32cube.ide.mcu.externaltools.gnu-tools-for-stm32.10.3-2021.10.win32_1.0.100.202210260954/tools/bin/../lib/gcc/arm-none-eabi/10.3.1/thumb/v7e-m/nofp/crtbegin.o

.rel.dyn        0x0000000008001348        0x0
 .rel.iplt      0x0000000008001348        0x0 c:/st/stm32cubeide_1.11.2/stm32cubeide/plugins/com.st.stm32cube.ide.mcu.externaltools.gnu-tools-for-stm32.10.3-2021.10.win32_1.0.100.202210260954/tools/bin/../lib/gcc/arm-none-eabi/10.3.1/thumb/v7e-m/nofp/crtbegin.o

.rodata         0x0000000008001348        0x0
                0x0000000008001348                . = ALIGN (0x4)
 *(.rodata)
 *(.rodata*)
                0x0000000008001348                . = ALIGN (0x4)

.ARM.extab      0x0000000008001348        0x0
                0x0000000008001348                . = ALIGN (0x4)
 *(.ARM.extab* .gnu.linkonce.armextab.*)
                0x0000000008001348                . = ALIGN (0x4)

.ARM            0x0000000008001348        0x0
                0x0000000008001348                . = ALIGN (0x4)
                0x0000000008001348                __exidx_start = .
 *(.ARM.exidx*)
                0x0000000008001348                __exidx_end = .
                0x0000000008001348                . = ALIGN (0x4)

.preinit_array  0x0000000008001348        0x0
                0x0000000008001348                . = ALIGN (0x4)
                0x0000000008001348                PROVIDE (__preinit_array_start = .)
 *(.preinit_array*)
                0x0000000008001348                PROVIDE (__preinit_array_end = .)
                0x0000000008001348                . = ALIGN (0x4)

.init_array     0x0000000008001348        0x4
                0x0000000008001348                . = ALIGN (0x4)
                0x0000000008001348                PROVIDE (__init_array_start = .)
 *(SORT_BY_NAME(.init_array.*))
 *(.init_array*)
 .init_array    0x0000000008001348        0x4 c:/st/stm32cubeide_1.11.2/stm32cubeide/plugins/com.st.stm32cube.ide.mcu.externaltools.gnu-tools-for-stm32.10.3-2021.10.win32_1.0.100.202210260954/tools/bin/../lib/gcc/arm-none-eabi/10.3.1/thumb/v7e-m/nofp/crtbegin.o
                0x000000000800134c                PROVIDE (__init_array_end = .)
                0x000000000800134c                . = ALIGN (0x4)

.fini_array     0x000000000800134c        0x4
                0x000000000800134c                . = ALIGN (0x4)
                [!provide]                        PROVIDE (__fini_array_start = .)
 *(SORT_BY_NAME(.fini_array.*))
 *(.fini_array*)
 .fini_array    0x000000000800134c        0x4 c:/st/stm32cubeide_1.11.2/stm32cubeide/plugins/com.st.stm32cube.ide.mcu.externaltools.gnu-tools-for-stm32.10.3-2021.10.win32_1.0.100.202210260954/tools/bin/../lib/gcc/arm-none-eabi/10.3.1/thumb/v7e-m/nofp/crtbegin.o
                [!provide]                        PROVIDE (__fini_array_end = .)
                0x0000000008001350                . = ALIGN (0x4)
                0x0000000008001350                _sidata = LOADADDR (.data)

.data           0x0000000020000000       0x38 load address 0x0000000008001350
                0x0000000020000000                . = ALIGN (0x4)
                0x0000000020000000                _sdata = .
 *(.data)
 *(.data*)
 .data.tx_buffer
                0x0000000020000000       0x20 ./Src/i2c_slave_tx_string.o
                0x0000000020000000                tx_buffer
 .data.AHB_Prescaler
                0x0000000020000020       0x10 ./drivers/Src/stm32f411_i2c_driver.o
                0x0000000020000020                AHB_Prescaler
 .data.APB_Prescaler
                0x0000000020000030        0x8 ./drivers/Src/stm32f411_i2c_driver.o
                0x0000000020000030                APB_Prescaler
 *(.RamFunc)
 *(.RamFunc*)
                0x0000000020000038                . = ALIGN (0x4)
                0x0000000020000038                _edata = .

.igot.plt       0x0000000020000038        0x0 load address 0x0000000008001388
 .igot.plt      0x0000000020000038        0x0 c:/st/stm32cubeide_1.11.2/stm32cubeide/plugins/com.st.stm32cube.ide.mcu.externaltools.gnu-tools-for-stm32.10.3-2021.10.win32_1.0.100.202210260954/tools/bin/../lib/gcc/arm-none-eabi/10.3.1/thumb/v7e-m/nofp/crtbegin.o
                0x0000000020000038                . = ALIGN (0x4)

.bss            0x0000000020000038       0x48 load address 0x0000000008001388
                0x0000000020000038                _sbss = .
                0x0000000020000038                __bss_start__ = _sbss
 *(.bss)
 .bss           0x0000000020000038       0x1c c:/st/stm32cubeide_1.11.2/stm32cubeide/plugins/com.st.stm32cube.ide.mcu.externaltools.gnu-tools-for-stm32.10.3-2021.10.win32_1.0.100.202210260954/tools/bin/../lib/gcc/arm-none-eabi/10.3.1/thumb/v7e-m/nofp/crtbegin.o
 *(.bss*)
 .bss.I2C1Handle
                0x0000000020000054       0x28 ./Src/i2c_slave_tx_string.o
                0x0000000020000054                I2C1Handle
 .bss.commandCode.1
                0x000000002000007c        0x1 ./Src/i2c_slave_tx_string.o
 .bss.Cnt.0     0x000000002000007d        0x1 ./Src/i2c_slave_tx_string.o
 *(COMMON)
                0x0000000020000080                . = ALIGN (0x4)
 *fill*         0x000000002000007e        0x2 
                0x0000000020000080                _ebss = .
                0x0000000020000080                __bss_end__ = _ebss

._user_heap_stack
                0x0000000020000080      0x600 load address 0x0000000008001388
                0x0000000020000080                . = ALIGN (0x8)
                0x0000000020000080                PROVIDE (end = .)
                0x0000000020000080                PROVIDE (_end = .)
                0x0000000020000280                . = (. + _Min_Heap_Size)
 *fill*         0x0000000020000080      0x200 
                0x0000000020000680                . = (. + _Min_Stack_Size)
 *fill*         0x0000000020000280      0x400 
                0x0000000020000680                . = ALIGN (0x8)

/DISCARD/
 libc.a(*)
 libm.a(*)
 libgcc.a(*)

.ARM.attributes
                0x0000000000000000       0x2a
 *(.ARM.attributes)
 .ARM.attributes
                0x0000000000000000       0x1e c:/st/stm32cubeide_1.11.2/stm32cubeide/plugins/com.st.stm32cube.ide.mcu.externaltools.gnu-tools-for-stm32.10.3-2021.10.win32_1.0.100.202210260954/tools/bin/../lib/gcc/arm-none-eabi/10.3.1/thumb/v7e-m/nofp/crti.o
 .ARM.attributes
                0x000000000000001e       0x2e c:/st/stm32cubeide_1.11.2/stm32cubeide/plugins/com.st.stm32cube.ide.mcu.externaltools.gnu-tools-for-stm32.10.3-2021.10.win32_1.0.100.202210260954/tools/bin/../lib/gcc/arm-none-eabi/10.3.1/thumb/v7e-m/nofp/crtbegin.o
 .ARM.attributes
                0x000000000000004c       0x2e ./Src/i2c_slave_tx_string.o
 .ARM.attributes
                0x000000000000007a       0x21 ./Startup/startup_stm32f411vetx.o
 .ARM.attributes
                0x000000000000009b       0x2e ./drivers/Src/stm32f411_gpio_driver.o
 .ARM.attributes
                0x00000000000000c9       0x2e ./drivers/Src/stm32f411_i2c_driver.o
 .ARM.attributes
                0x00000000000000f7       0x2e c:/st/stm32cubeide_1.11.2/stm32cubeide/plugins/com.st.stm32cube.ide.mcu.externaltools.gnu-tools-for-stm32.10.3-2021.10.win32_1.0.100.202210260954/tools/bin/../lib/gcc/arm-none-eabi/10.3.1/../../../../arm-none-eabi/lib/thumb/v7e-m/nofp\libc_nano.a(lib_a-init.o)
 .ARM.attributes
                0x0000000000000125       0x2e c:/st/stm32cubeide_1.11.2/stm32cubeide/plugins/com.st.stm32cube.ide.mcu.externaltools.gnu-tools-for-stm32.10.3-2021.10.win32_1.0.100.202210260954/tools/bin/../lib/gcc/arm-none-eabi/10.3.1/../../../../arm-none-eabi/lib/thumb/v7e-m/nofp\libc_nano.a(lib_a-memset.o)
 .ARM.attributes
                0x0000000000000153       0x17 c:/st/stm32cubeide_1.11.2/stm32cubeide/plugins/com.st.stm32cube.ide.mcu.externaltools.gnu-tools-for-stm32.10.3-2021.10.win32_1.0.100.202210260954/tools/bin/../lib/gcc/arm-none-eabi/10.3.1/../../../../arm-none-eabi/lib/thumb/v7e-m/nofp\libc_nano.a(lib_a-strlen.o)
 .ARM.attributes
                0x000000000000016a       0x1e c:/st/stm32cubeide_1.11.2/stm32cubeide/plugins/com.st.stm32cube.ide.mcu.externaltools.gnu-tools-for-stm32.10.3-2021.10.win32_1.0.100.202210260954/tools/bin/../lib/gcc/arm-none-eabi/10.3.1/thumb/v7e-m/nofp/crtn.o
OUTPUT(stm32f4xx_DeviceDriver.elf elf32-littlearm)
LOAD linker stubs
LOAD c:/st/stm32cubeide_1.11.2/stm32cubeide/plugins/com.st.stm32cube.ide.mcu.externaltools.gnu-tools-for-stm32.10.3-2021.10.win32_1.0.100.202210260954/tools/bin/../lib/gcc/arm-none-eabi/10.3.1/../../../../arm-none-eabi/lib/thumb/v7e-m/nofp\libc.a
LOAD c:/st/stm32cubeide_1.11.2/stm32cubeide/plugins/com.st.stm32cube.ide.mcu.externaltools.gnu-tools-for-stm32.10.3-2021.10.win32_1.0.100.202210260954/tools/bin/../lib/gcc/arm-none-eabi/10.3.1/../../../../arm-none-eabi/lib/thumb/v7e-m/nofp\libm.a
LOAD c:/st/stm32cubeide_1.11.2/stm32cubeide/plugins/com.st.stm32cube.ide.mcu.externaltools.gnu-tools-for-stm32.10.3-2021.10.win32_1.0.100.202210260954/tools/bin/../lib/gcc/arm-none-eabi/10.3.1/thumb/v7e-m/nofp\libgcc.a

.debug_info     0x0000000000000000     0x18d8
 .debug_info    0x0000000000000000      0x62a ./Src/i2c_slave_tx_string.o
 .debug_info    0x000000000000062a       0x22 ./Startup/startup_stm32f411vetx.o
 .debug_info    0x000000000000064c      0x757 ./drivers/Src/stm32f411_gpio_driver.o
 .debug_info    0x0000000000000da3      0xb35 ./drivers/Src/stm32f411_i2c_driver.o

.debug_abbrev   0x0000000000000000      0x5b4
 .debug_abbrev  0x0000000000000000      0x189 ./Src/i2c_slave_tx_string.o
 .debug_abbrev  0x0000000000000189       0x12 ./Startup/startup_stm32f411vetx.o
 .debug_abbrev  0x000000000000019b      0x173 ./drivers/Src/stm32f411_gpio_driver.o
 .debug_abbrev  0x000000000000030e      0x2a6 ./drivers/Src/stm32f411_i2c_driver.o

.debug_aranges  0x0000000000000000      0x1e8
 .debug_aranges
                0x0000000000000000       0x58 ./Src/i2c_slave_tx_string.o
 .debug_aranges
                0x0000000000000058       0x28 ./Startup/startup_stm32f411vetx.o
 .debug_aranges
                0x0000000000000080       0x70 ./drivers/Src/stm32f411_gpio_driver.o
 .debug_aranges
                0x00000000000000f0       0xf8 ./drivers/Src/stm32f411_i2c_driver.o

.debug_ranges   0x0000000000000000      0x1b0
 .debug_ranges  0x0000000000000000       0x48 ./Src/i2c_slave_tx_string.o
 .debug_ranges  0x0000000000000048       0x20 ./Startup/startup_stm32f411vetx.o
 .debug_ranges  0x0000000000000068       0x60 ./drivers/Src/stm32f411_gpio_driver.o
 .debug_ranges  0x00000000000000c8       0xe8 ./drivers/Src/stm32f411_i2c_driver.o

.debug_macro    0x0000000000000000     0x2828
 .debug_macro   0x0000000000000000      0x249 ./Src/i2c_slave_tx_string.o
 .debug_macro   0x0000000000000249      0xa78 ./Src/i2c_slave_tx_string.o
 .debug_macro   0x0000000000000cc1       0x22 ./Src/i2c_slave_tx_string.o
 .debug_macro   0x0000000000000ce3       0x8e ./Src/i2c_slave_tx_string.o
 .debug_macro   0x0000000000000d71       0x51 ./Src/i2c_slave_tx_string.o
 .debug_macro   0x0000000000000dc2      0x103 ./Src/i2c_slave_tx_string.o
 .debug_macro   0x0000000000000ec5       0x6a ./Src/i2c_slave_tx_string.o
 .debug_macro   0x0000000000000f2f      0x1df ./Src/i2c_slave_tx_string.o
 .debug_macro   0x000000000000110e      0x174 ./Src/i2c_slave_tx_string.o
 .debug_macro   0x0000000000001282      0x54f ./Src/i2c_slave_tx_string.o
 .debug_macro   0x00000000000017d1       0xc4 ./Src/i2c_slave_tx_string.o
 .debug_macro   0x0000000000001895       0xc4 ./Src/i2c_slave_tx_string.o
 .debug_macro   0x0000000000001959       0xe2 ./Src/i2c_slave_tx_string.o
 .debug_macro   0x0000000000001a3b       0x52 ./Src/i2c_slave_tx_string.o
 .debug_macro   0x0000000000001a8d       0x18 ./Src/i2c_slave_tx_string.o
 .debug_macro   0x0000000000001aa5       0x3c ./Src/i2c_slave_tx_string.o
 .debug_macro   0x0000000000001ae1       0x34 ./Src/i2c_slave_tx_string.o
 .debug_macro   0x0000000000001b15       0x16 ./Src/i2c_slave_tx_string.o
 .debug_macro   0x0000000000001b2b       0x43 ./Src/i2c_slave_tx_string.o
 .debug_macro   0x0000000000001b6e       0x34 ./Src/i2c_slave_tx_string.o
 .debug_macro   0x0000000000001ba2       0x10 ./Src/i2c_slave_tx_string.o
 .debug_macro   0x0000000000001bb2       0x58 ./Src/i2c_slave_tx_string.o
 .debug_macro   0x0000000000001c0a       0x71 ./Src/i2c_slave_tx_string.o
 .debug_macro   0x0000000000001c7b       0x1c ./Src/i2c_slave_tx_string.o
 .debug_macro   0x0000000000001c97      0x12a ./Src/i2c_slave_tx_string.o
 .debug_macro   0x0000000000001dc1      0x341 ./Src/i2c_slave_tx_string.o
 .debug_macro   0x0000000000002102       0x10 ./Src/i2c_slave_tx_string.o
 .debug_macro   0x0000000000002112       0x35 ./Src/i2c_slave_tx_string.o
 .debug_macro   0x0000000000002147       0x20 ./Src/i2c_slave_tx_string.o
 .debug_macro   0x0000000000002167       0x1c ./Src/i2c_slave_tx_string.o
 .debug_macro   0x0000000000002183       0x10 ./Src/i2c_slave_tx_string.o
 .debug_macro   0x0000000000002193       0x10 ./Src/i2c_slave_tx_string.o
 .debug_macro   0x00000000000021a3       0x1c ./Src/i2c_slave_tx_string.o
 .debug_macro   0x00000000000021bf       0x52 ./Src/i2c_slave_tx_string.o
 .debug_macro   0x0000000000002211       0x22 ./Src/i2c_slave_tx_string.o
 .debug_macro   0x0000000000002233       0x10 ./Src/i2c_slave_tx_string.o
 .debug_macro   0x0000000000002243       0x52 ./Src/i2c_slave_tx_string.o
 .debug_macro   0x0000000000002295       0xd5 ./Src/i2c_slave_tx_string.o
 .debug_macro   0x000000000000236a       0x1c ./Src/i2c_slave_tx_string.o
 .debug_macro   0x0000000000002386       0x3d ./Src/i2c_slave_tx_string.o
 .debug_macro   0x00000000000023c3       0x16 ./Src/i2c_slave_tx_string.o
 .debug_macro   0x00000000000023d9      0x145 ./Src/i2c_slave_tx_string.o
 .debug_macro   0x000000000000251e       0xb8 ./drivers/Src/stm32f411_gpio_driver.o
 .debug_macro   0x00000000000025d6       0xbe ./drivers/Src/stm32f411_gpio_driver.o
 .debug_macro   0x0000000000002694       0xb8 ./drivers/Src/stm32f411_i2c_driver.o
 .debug_macro   0x000000000000274c       0xdc ./drivers/Src/stm32f411_i2c_driver.o

.debug_line     0x0000000000000000     0x1f65
 .debug_line    0x0000000000000000      0x7e4 ./Src/i2c_slave_tx_string.o
 .debug_line    0x00000000000007e4       0x84 ./Startup/startup_stm32f411vetx.o
 .debug_line    0x0000000000000868      0x957 ./drivers/Src/stm32f411_gpio_driver.o
 .debug_line    0x00000000000011bf      0xda6 ./drivers/Src/stm32f411_i2c_driver.o

.debug_str      0x0000000000000000     0xa584
 .debug_str     0x0000000000000000     0xa07d ./Src/i2c_slave_tx_string.o
                                       0xa293 (size before relaxing)
 .debug_str     0x000000000000a07d       0x31 ./Startup/startup_stm32f411vetx.o
                                         0x80 (size before relaxing)
 .debug_str     0x000000000000a0ae      0x274 ./drivers/Src/stm32f411_gpio_driver.o
                                       0x64a4 (size before relaxing)
 .debug_str     0x000000000000a322      0x262 ./drivers/Src/stm32f411_i2c_driver.o
                                       0x664f (size before relaxing)

.comment        0x0000000000000000       0x50
 .comment       0x0000000000000000       0x50 ./Src/i2c_slave_tx_string.o
                                         0x51 (size before relaxing)
 .comment       0x0000000000000050       0x51 ./drivers/Src/stm32f411_gpio_driver.o
 .comment       0x0000000000000050       0x51 ./drivers/Src/stm32f411_i2c_driver.o

.debug_frame    0x0000000000000000      0x75c
 .debug_frame   0x0000000000000000      0x10c ./Src/i2c_slave_tx_string.o
 .debug_frame   0x000000000000010c      0x1c8 ./drivers/Src/stm32f411_gpio_driver.o
 .debug_frame   0x00000000000002d4      0x43c ./drivers/Src/stm32f411_i2c_driver.o
 .debug_frame   0x0000000000000710       0x2c c:/st/stm32cubeide_1.11.2/stm32cubeide/plugins/com.st.stm32cube.ide.mcu.externaltools.gnu-tools-for-stm32.10.3-2021.10.win32_1.0.100.202210260954/tools/bin/../lib/gcc/arm-none-eabi/10.3.1/../../../../arm-none-eabi/lib/thumb/v7e-m/nofp\libc_nano.a(lib_a-init.o)
 .debug_frame   0x000000000000073c       0x20 c:/st/stm32cubeide_1.11.2/stm32cubeide/plugins/com.st.stm32cube.ide.mcu.externaltools.gnu-tools-for-stm32.10.3-2021.10.win32_1.0.100.202210260954/tools/bin/../lib/gcc/arm-none-eabi/10.3.1/../../../../arm-none-eabi/lib/thumb/v7e-m/nofp\libc_nano.a(lib_a-memset.o)
