../drivers/Src/stm32f411_spi_driver.c:18:6:SPI_PeripheralClockControl	16	static
../drivers/Src/stm32f411_spi_driver.c:55:6:SPI_Init	24	static
../drivers/Src/stm32f411_spi_driver.c:96:6:SPI_DeInit	16	static
../drivers/Src/stm32f411_spi_driver.c:110:9:SPI_GetFlagStatus	16	static
../drivers/Src/stm32f411_spi_driver.c:133:6:SPI_SendData	24	static
../drivers/Src/stm32f411_spi_driver.c:160:6:SPI_ReceiveData	24	static
../drivers/Src/stm32f411_spi_driver.c:187:9:SPI_SendDataIT	32	static
../drivers/Src/stm32f411_spi_driver.c:207:9:SPI_ReceiveDataIT	32	static
../drivers/Src/stm32f411_spi_driver.c:233:6:SPI_IRQInterruptConfig	16	static
../drivers/Src/stm32f411_spi_driver.c:269:6:SPI_IRQPriorityConfig	16	static
../drivers/Src/stm32f411_spi_driver.c:276:6:SPI_TXIE_InterruptHandler	16	static
../drivers/Src/stm32f411_spi_driver.c:306:6:SPI_RXNEIE_InterruptHandler	16	static
../drivers/Src/stm32f411_spi_driver.c:337:6:SPI_ERRIE_InterruptHandler	24	static
../drivers/Src/stm32f411_spi_driver.c:352:6:SPI_IRQHandling	24	static
../drivers/Src/stm32f411_spi_driver.c:384:6:SPI_CloseTransmission	16	static
../drivers/Src/stm32f411_spi_driver.c:392:6:SPI_CloseReception	16	static
../drivers/Src/stm32f411_spi_driver.c:400:6:SPI_ClearOVRFlag	24	static
../drivers/Src/stm32f411_spi_driver.c:412:6:SPI_PeripheralsControl	16	static
../drivers/Src/stm32f411_spi_driver.c:423:6:SPI_SSIConfig	16	static
../drivers/Src/stm32f411_spi_driver.c:434:6:SPI_SSOEConfig	16	static
../drivers/Src/stm32f411_spi_driver.c:449:28:SPI_ApplicationEventCallBack	16	static
