../drivers/Src/stm32f411_usart_driver.c:16:6:USART_PeripheralClockControl	16	static
../drivers/Src/stm32f411_usart_driver.c:54:6:USART_Init	24	static
../drivers/Src/stm32f411_usart_driver.c:147:6:USART_DeInit	16	static
../drivers/Src/stm32f411_usart_driver.c:167:6:USART_SetBaudRate	40	static
../drivers/Src/stm32f411_usart_driver.c:250:6:USART_SendData	32	static
../drivers/Src/stm32f411_usart_driver.c:312:6:USART_ReceiveData	32	static
../drivers/Src/stm32f411_usart_driver.c:389:9:USART_SendDataIT	32	static
../drivers/Src/stm32f411_usart_driver.c:428:9:USART_ReceiveDataIT	32	static
../drivers/Src/stm32f411_usart_driver.c:450:6:USART_IRQInterruptConfig	16	static
../drivers/Src/stm32f411_usart_driver.c:501:6:USART_IRQHandling	32	static
../drivers/Src/stm32f411_usart_driver.c:795:6:USART_PeripheralControl	16	static
../drivers/Src/stm32f411_usart_driver.c:811:9:USART_GetFlagStatus	16	static
../drivers/Src/stm32f411_usart_driver.c:824:6:USART_ClearFlag	16	static
../drivers/Src/stm32f411_usart_driver.c:832:13:USART_ApplicationEventCallback	16	static
../drivers/Src/stm32f411_usart_driver.c:837:13:USART_ClearIRQErrFlag	24	static
