../drivers/Src/stm32f411_i2c_driver.c:24:6:I2C_PeripheralClockControl	16	static
../drivers/Src/stm32f411_i2c_driver.c:53:10:RCC_GetPLLOutputClock	4	static
../drivers/Src/stm32f411_i2c_driver.c:59:10:RCC_GetPCLK1Value	24	static
../drivers/Src/stm32f411_i2c_driver.c:98:6:I2C_Init	24	static
../drivers/Src/stm32f411_i2c_driver.c:169:6:I2C_DeInit	16	static
../drivers/Src/stm32f411_i2c_driver.c:186:13:I2C_GenerateStartCondition	16	static
../drivers/Src/stm32f411_i2c_driver.c:191:13:I2C_ExecuteAddressPhaseWrite	16	static
../drivers/Src/stm32f411_i2c_driver.c:198:13:I2C_ExecuteAddressPhaseRead	16	static
../drivers/Src/stm32f411_i2c_driver.c:205:13:I2C_ClearADDRFlag	24	static
../drivers/Src/stm32f411_i2c_driver.c:240:6:I2C_GenerateStopCondition	16	static
../drivers/Src/stm32f411_i2c_driver.c:245:6:I2C_MasterSendData	24	static
../drivers/Src/stm32f411_i2c_driver.c:284:6:I2C_MasterReceiveData	32	static
../drivers/Src/stm32f411_i2c_driver.c:353:6:I2C_SlaveSendData	16	static
../drivers/Src/stm32f411_i2c_driver.c:357:9:I2C_SlaveReceiveDataIT	16	static
../drivers/Src/stm32f411_i2c_driver.c:366:9:I2C_MasterSendDataIT	32	static
../drivers/Src/stm32f411_i2c_driver.c:392:9:I2C_MasterReceiveDataIT	32	static
../drivers/Src/stm32f411_i2c_driver.c:424:6:I2C_IRQInterruptConfig	16	static
../drivers/Src/stm32f411_i2c_driver.c:460:6:I2C_IRQPriorityConfig	16	static
../drivers/Src/stm32f411_i2c_driver.c:469:6:I2C_PeripheralsControl	16	static
../drivers/Src/stm32f411_i2c_driver.c:480:9:I2C_GetFlagStatus	16	static
../drivers/Src/stm32f411_i2c_driver.c:490:6:I2C_ManageAcking	16	static
../drivers/Src/stm32f411_i2c_driver.c:501:13:I2C_MasterHandlerRXNEInterrupt	16	static
../drivers/Src/stm32f411_i2c_driver.c:538:13:I2C_MasterHandleTXEInterrupt	16	static
../drivers/Src/stm32f411_i2c_driver.c:557:6:I2C_IRQ_EVHandling	32	static
../drivers/Src/stm32f411_i2c_driver.c:688:6:I2C_IRQ_ERHandling	24	static
../drivers/Src/stm32f411_i2c_driver.c:760:6:I2C_CloseReceiveData	16	static
../drivers/Src/stm32f411_i2c_driver.c:776:6:I2C_CloseSendData	16	static
../drivers/Src/stm32f411_i2c_driver.c:789:6:I2C_EnableDisableCallBackEvents	16	static
